Archive member included to satisfy reference by file (symbol)

C:/devkitPro/libctru/lib\libcitro2d.a(base.o)
                              main.o (C2D_Init)
C:/devkitPro/libctru/lib\libcitro2d.a(text.o)
                              main.o (C2D_TextBufNew)
C:/devkitPro/libctru/lib\libcitro2d.a(spritesheet.o)
                              main.o (C2D_SpriteSheetLoad)
C:/devkitPro/libctru/lib\libcitro2d.a(font.o)
                              C:/devkitPro/libctru/lib\libcitro2d.a(text.o) (C2D_FontGlyphIndexFromCodePoint)
C:/devkitPro/libctru/lib\libcitro2d.a(render2d.shbin.o)
                              C:/devkitPro/libctru/lib\libcitro2d.a(base.o) (render2d_shbin)
C:/devkitPro/libctru/lib\libcitro3d.a(attribs.o)
                              C:/devkitPro/libctru/lib\libcitro2d.a(base.o) (AttrInfo_Init)
C:/devkitPro/libctru/lib\libcitro3d.a(base.o)
                              C:/devkitPro/libctru/lib\libcitro3d.a(attribs.o) (__C3D_Context)
C:/devkitPro/libctru/lib\libcitro3d.a(buffers.o)
                              C:/devkitPro/libctru/lib\libcitro2d.a(base.o) (BufInfo_Init)
C:/devkitPro/libctru/lib\libcitro3d.a(drawElements.o)
                              C:/devkitPro/libctru/lib\libcitro2d.a(base.o) (C3D_DrawElements)
C:/devkitPro/libctru/lib\libcitro3d.a(effect.o)
                              C:/devkitPro/libctru/lib\libcitro3d.a(base.o) (C3D_DepthMap)
C:/devkitPro/libctru/lib\libcitro3d.a(framebuffer.o)
                              C:/devkitPro/libctru/lib\libcitro3d.a(base.o) (C3Di_FrameBufBind)
C:/devkitPro/libctru/lib\libcitro3d.a(immediate.o)
                              C:/devkitPro/libctru/lib\libcitro3d.a(base.o) (C3D_ImmSendAttrib)
C:/devkitPro/libctru/lib\libcitro3d.a(proctex.o)
                              C:/devkitPro/libctru/lib\libcitro2d.a(base.o) (C3D_ProcTexInit)
C:/devkitPro/libctru/lib\libcitro3d.a(renderqueue.o)
                              C:/devkitPro/libctru/lib\libcitro3d.a(base.o) (C3Di_RenderQueueEnableVBlank)
C:/devkitPro/libctru/lib\libcitro3d.a(tex3ds.o)
                              C:/devkitPro/libctru/lib\libcitro2d.a(spritesheet.o) (Tex3DS_TextureImport)
C:/devkitPro/libctru/lib\libcitro3d.a(texenv.o)
                              main.o (C3D_GetTexEnv)
C:/devkitPro/libctru/lib\libcitro3d.a(texture.o)
                              C:/devkitPro/libctru/lib\libcitro3d.a(tex3ds.o) (C3D_TexInitWithParams)
C:/devkitPro/libctru/lib\libcitro3d.a(uniforms.o)
                              C:/devkitPro/libctru/lib\libcitro3d.a(base.o) (C3D_UpdateUniforms)
C:/devkitPro/libctru/lib\libcitro3d.a(mtx_multiply.o)
                              C:/devkitPro/libctru/lib\libcitro2d.a(base.o) (Mtx_Multiply)
C:/devkitPro/libctru/lib\libcitro3d.a(mtx_ortho.o)
                              C:/devkitPro/libctru/lib\libcitro2d.a(base.o) (Mtx_Ortho)
C:/devkitPro/libctru/lib\libcitro3d.a(mtx_orthotilt.o)
                              C:/devkitPro/libctru/lib\libcitro2d.a(base.o) (Mtx_OrthoTilt)
C:/devkitPro/libctru/lib\libcitro3d.a(mtx_rotatez.o)
                              C:/devkitPro/libctru/lib\libcitro2d.a(base.o) (Mtx_RotateZ)
C:/devkitPro/libctru/lib\libcitro3d.a(mtx_scale.o)
                              C:/devkitPro/libctru/lib\libcitro2d.a(base.o) (Mtx_Scale)
C:/devkitPro/libctru/lib\libcitro3d.a(mtx_translate.o)
                              C:/devkitPro/libctru/lib\libcitro2d.a(base.o) (Mtx_Translate)
C:/devkitPro/libctru/lib\libctru.a(linear.o)
                              main.o (linearAlloc)
C:/devkitPro/libctru/lib\libctru.a(mem_pool.o)
                              C:/devkitPro/libctru/lib\libctru.a(linear.o) (_ZN7MemPool8AllocateER8MemChunkmi)
C:/devkitPro/libctru/lib\libctru.a(vram.o)
                              C:/devkitPro/libctru/lib\libcitro3d.a(renderqueue.o) (vramAlloc)
C:/devkitPro/libctru/lib\libctru.a(console.o)
                              main.o (consoleClear)
C:/devkitPro/libctru/lib\libctru.a(font.o)
                              C:/devkitPro/libctru/lib\libcitro2d.a(text.o) (fontEnsureMapped)
C:/devkitPro/libctru/lib\libctru.a(gfx.o)
                              C:/devkitPro/libctru/lib\libcitro2d.a(base.o) (gfxIsWide)
C:/devkitPro/libctru/lib\libctru.a(os.o)
                              C:/devkitPro/libctru/lib\libcitro3d.a(buffers.o) (osConvertVirtToPhys)
C:/devkitPro/libctru/lib\libctru.a(romfs_dev.o)
                              main.o (romfsMountSelf)
C:/devkitPro/libctru/lib\libctru.a(gpu.o)
                              C:/devkitPro/libctru/lib\libcitro3d.a(renderqueue.o) (gpuCmdBuf)
C:/devkitPro/libctru/lib\libctru.a(gx.o)
                              C:/devkitPro/libctru/lib\libcitro3d.a(renderqueue.o) (GX_BindQueue)
C:/devkitPro/libctru/lib\libctru.a(gxqueue.o)
                              C:/devkitPro/libctru/lib\libcitro3d.a(renderqueue.o) (gxCmdQueueClear)
C:/devkitPro/libctru/lib\libctru.a(shaderProgram.o)
[...]
Memory Configuration

Name             Origin             Length             Attributes
*default*        0x00000000         0xffffffff

Linker script and memory map

                0x00000000                        __sync_synchronize = __sync_synchronize_dmb
                0x00100000                        PROVIDE (__start__ = 0x100000)
                0x00100000                        . = __start__

.text           0x00100000    0x2fc54
 *(.crt0)
 .crt0          0x00100000       0x94 C:/devkitPro/devkitARM/bin/../lib/gcc/arm-none-eabi/15.2.0/../../../../arm-none-eabi/lib/armv6k/fpu/3dsx_crt0.o
                0x00100000                _start
                0x00100008                __service_ptr
                0x0010000c                __apt_appid
                0x00100010                __heap_size
                0x00100014                __linear_heap_size
                0x00100018                __system_arglist
                0x0010001c                __system_runflags
 *(.init)
 .init          0x00100094        0xc C:/devkitPro/devkitARM/bin/../lib/gcc/arm-none-eabi/15.2.0/armv6k/fpu/crti.o
                0x00100094                _init
 .init          0x001000a0        0xc C:/devkitPro/devkitARM/bin/../lib/gcc/arm-none-eabi/15.2.0/armv6k/fpu/crtn.o
                0x001000ac                        . = ALIGN (0x4)
 *(.text)
 .text          0x001000ac      0x20c C:/devkitPro/devkitARM/bin/../lib/gcc/arm-none-eabi/15.2.0/armv6k/fpu\libgcc.a(_udivsi3.o)
                0x001000ac                __aeabi_uidiv
                0x001000ac                __udivsi3
                0x00100298                __aeabi_uidivmod
 .text          0x001002b8      0x240 C:/devkitPro/devkitARM/bin/../lib/gcc/arm-none-eabi/15.2.0/armv6k/fpu\libgcc.a(_divsi3.o)
                0x001002b8                __divsi3
                0x001002b8                __aeabi_idiv
                0x001004d8                __aeabi_idivmod
 .text          0x001004f8        0x4 C:/devkitPro/devkitARM/bin/../lib/gcc/arm-none-eabi/15.2.0/armv6k/fpu\libgcc.a(_dvmd_tls.o)
                0x001004f8                __aeabi_idiv0
                0x001004f8                __aeabi_ldiv0
 .text          0x001004fc      0x3c0 C:/devkitPro/devkitARM/bin/../lib/gcc/arm-none-eabi/15.2.0/armv6k/fpu\libgcc.a(_arm_addsubdf3.o)
                0x001004fc                __aeabi_drsub
                0x00100504                __aeabi_dsub
                0x00100504                __subdf3
                0x00100508                __aeabi_dadd
                0x00100508                __adddf3
                0x001007b4                __floatunsidf
                0x001007b4                __aeabi_ui2d
                0x001007d8                __floatsidf
                0x001007d8                __aeabi_i2d
                0x00100800                __aeabi_f2d
                0x00100800                __extendsfdf2
                0x00100848                __floatundidf
                0x00100848                __aeabi_ul2d
                0x0010085c                __floatdidf
                0x0010085c                __aeabi_l2d
 .text          0x001008bc       0xd4 C:/devkitPro/devkitARM/bin/../lib/gcc/arm-none-eabi/15.2.0/armv6k/fpu\libgcc.a(_aeabi_ldivmod.o)
                0x001008bc                __aeabi_ldivmod
 .text          0x00100990       0x3c C:/devkitPro/devkitARM/bin/../lib/gcc/arm-none-eabi/15.2.0/armv6k/fpu\libgcc.a(_aeabi_uldivmod.o)
                0x00100990                __aeabi_uldivmod
 *fill*         0x001009cc       0x14 
 .text          0x001009e0      0x390 C:/devkitPro/devkitARM/bin/../lib/gcc/arm-none-eabi/15.2.0/../../../../arm-none-eabi/lib/armv6k/fpu\libg.a(libc_a-strcmp.o)
                0x001009e8                strcmp
 *(.text.*)
 .text.__do_global_dtors_aux
                0x00100d70       0x50 C:/devkitPro/devkitARM/bin/../lib/gcc/arm-none-eabi/15.2.0/armv6k/fpu/crtbegin.o
 .text.frame_dummy
                0x00100dc0       0x2c C:/devkitPro/devkitARM/bin/../lib/gcc/arm-none-eabi/15.2.0/armv6k/fpu/crtbegin.o
 .text.musicUpdate
                0x00100dec       0xe8 main.o
 .text.SaveHighScore
                0x00100ed4       0x58 main.o
 .text.UpdateScoreText.part.0
                0x00100f2c       0x48 main.o
 .text.startGame
                0x00100f74       0x64 main.o
 .text.startup.main
                0x00100fd8      0xe04 main.o
                0x00100fd8                main
 .text.C2Di_FrameEndHook
                0x00101ddc       0x44 C:/devkitPro/libctru/lib\libcitro2d.a(base.o)
 .text.C2D_Init
                0x00101e20      0x36c C:/devkitPro/libctru/lib\libcitro2d.a(base.o)
                0x00101e20                C2D_Init
 .text.C2D_Fini
                0x0010218c       0x4c C:/devkitPro/libctru/lib\libcitro2d.a(base.o)
                0x0010218c                C2D_Fini
 .text.C2D_Prepare
                0x001021d8       0xb8 C:/devkitPro/libctru/lib\libcitro2d.a(base.o)
                0x001021d8                C2D_Prepare
 .text.C2D_Flush
                0x00102290       0x48 C:/devkitPro/libctru/lib\libcitro2d.a(base.o)
                0x00102290                C2D_Flush
 .text.C2D_SceneSize
                0x001022d8      0x104 C:/devkitPro/libctru/lib\libcitro2d.a(base.o)
                0x001022d8                C2D_SceneSize
 .text.C2D_CreateScreenTarget
                0x001023dc       0x58 C:/devkitPro/libctru/lib\libcitro2d.a(base.o)
                0x001023dc                C2D_CreateScreenTarget
 .text.C2D_TargetClear
                0x00102434       0x64 C:/devkitPro/libctru/lib\libcitro2d.a(base.o)
                0x00102434                C2D_TargetClear
 .text.C2Di_CalcQuad
                0x00102498      0x13c C:/devkitPro/libctru/lib\libcitro2d.a(base.o)
                0x00102498                C2Di_CalcQuad
 .text.C2Di_AppendQuad
                0x001025d4       0x58 C:/devkitPro/libctru/lib\libcitro2d.a(base.o)
                0x001025d4                C2Di_AppendQuad
 .text.C2Di_AppendVtx
                0x0010262c       0x40 C:/devkitPro/libctru/lib\libcitro2d.a(base.o)
                0x0010262c                C2Di_AppendVtx
 .text.C2Di_Update
                0x0010266c      0x550 C:/devkitPro/libctru/lib\libcitro2d.a(base.o)
                0x0010266c                C2Di_Update
 .text.C2D_DrawImage
                0x00102bbc      0x2b0 C:/devkitPro/libctru/lib\libcitro2d.a(base.o)
                0x00102bbc                C2D_DrawImage
 .text.C2D_DrawEllipse
                0x00102e6c      0x16c C:/devkitPro/libctru/lib\libcitro2d.a(base.o)
                0x00102e6c                C2D_DrawEllipse
 .text.C2Di_CalcLineWidths
                0x00102fd8      0x140 C:/devkitPro/libctru/lib\libcitro2d.a(text.o)
 .text.C2D_TextBufNew
                0x00103118      0x1dc C:/devkitPro/libctru/lib\libcitro2d.a(text.o)
                0x00103118                C2D_TextBufNew
 .text.C2D_TextBufDelete
                0x001032f4        0x4 C:/devkitPro/libctru/lib\libcitro2d.a(text.o)
                0x001032f4                C2D_TextBufDelete
 .text.C2D_TextBufClear
                0x001032f8        0xc C:/devkitPro/libctru/lib\libcitro2d.a(text.o)
                0x001032f8                C2D_TextBufClear
 .text.C2D_TextFontParseLine
                0x00103304      0x1c8 C:/devkitPro/libctru/lib\libcitro2d.a(text.o)
                0x00103304                C2D_TextFontParseLine
 .text.C2D_TextFontParse
                0x001034cc       0xa8 C:/devkitPro/libctru/lib\libcitro2d.a(text.o)
                0x001034cc                C2D_TextFontParse
 .text.C2D_TextParse
                0x00103574       0x14 C:/devkitPro/libctru/lib\libcitro2d.a(text.o)
                0x00103574                C2D_TextParse
 .text.C2D_DrawText
                0x00103588      0xf6c C:/devkitPro/libctru/lib\libcitro2d.a(text.o)
                0x00103588                C2D_DrawText
 .text.C2D_SpriteSheetLoadFromHandle
                0x001044f4       0x6c C:/devkitPro/libctru/lib\libcitro2d.a(spritesheet.o)
                0x001044f4                C2D_SpriteSheetLoadFromHandle
 .text.C2D_SpriteSheetLoad
                0x00104560       0x48 C:/devkitPro/libctru/lib\libcitro2d.a(spritesheet.o)
                0x00104560                C2D_SpriteSheetLoad
 .text.C2D_SpriteSheetFree
                0x001045a8       0x28 C:/devkitPro/libctru/lib\libcitro2d.a(spritesheet.o)
                0x001045a8                C2D_SpriteSheetFree
 .text.C2D_SpriteSheetGetImage
                0x001045d0       0x2c C:/devkitPro/libctru/lib\libcitro2d.a(spritesheet.o)
                0x001045d0                C2D_SpriteSheetGetImage
 .text.C2D_FontGlyphIndexFromCodePoint
                0x001045fc       0x44 C:/devkitPro/libctru/lib\libcitro2d.a(font.o)
                0x001045fc                C2D_FontGlyphIndexFromCodePoint
 .text.C2D_FontCalcGlyphPos
                0x00104640       0x78 C:/devkitPro/libctru/lib\libcitro2d.a(font.o)
                0x00104640                C2D_FontCalcGlyphPos
 .text.AttrInfo_Init
                0x001046b8       0x28 C:/devkitPro/libctru/lib\libcitro3d.a(attribs.o)
                0x001046b8                AttrInfo_Init
 .text.AttrInfo_AddLoader
                0x001046e0       0x94 C:/devkitPro/libctru/lib\libcitro3d.a(attribs.o)
                0x001046e0                AttrInfo_AddLoader
 .text.C3D_SetAttrInfo
                0x00104774       0x54 C:/devkitPro/libctru/lib\libcitro3d.a(attribs.o)
                0x00104774                C3D_SetAttrInfo
 .text.C3Di_AttrInfoBind
                0x001047c8       0x80 C:/devkitPro/libctru/lib\libcitro3d.a(attribs.o)
                0x001047c8                C3Di_AttrInfoBind
 .text.C3Di_LightEnvUpdate
                0x00104848        0x4 C:/devkitPro/libctru/lib\libcitro3d.a(base.o)
                0x00104848                C3Di_LightEnvUpdate
 .text.C3Di_LightEnvDirty
                0x0010484c        0x4 C:/devkitPro/libctru/lib\libcitro3d.a(base.o)
                0x0010484c                C3Di_LightEnvDirty
 .text.C3Di_AptEventHook
                0x00104850       0xb4 C:/devkitPro/libctru/lib\libcitro3d.a(base.o)
 .text.C3Di_GasUpdate
                0x00104904        0x4 C:/devkitPro/libctru/lib\libcitro3d.a(base.o)
                0x00104904                C3Di_GasUpdate
 .text.C3D_Init
                0x00104908      0x1d0 C:/devkitPro/libctru/lib\libcitro3d.a(base.o)
                0x00104908                C3D_Init
 .text.C3D_SetViewport
                0x00104ad8       0x98 C:/devkitPro/libctru/lib\libcitro3d.a(base.o)
                0x00104ad8                C3D_SetViewport
 .text.C3Di_UpdateContext
                0x00104b70      0x4e8 C:/devkitPro/libctru/lib\libcitro3d.a(base.o)
                0x00104b70                C3Di_UpdateContext
 .text.C3Di_SplitFrame
                0x00105058       0xe0 C:/devkitPro/libctru/lib\libcitro3d.a(base.o)
                0x00105058                C3Di_SplitFrame
 .text.C3D_Fini
                0x00105138       0x44 C:/devkitPro/libctru/lib\libcitro3d.a(base.o)
                0x00105138                C3D_Fini
 .text.C3D_BindProgram
                0x0010517c      0x194 C:/devkitPro/libctru/lib\libcitro3d.a(base.o)
                0x0010517c                C3D_BindProgram
 .text.BufInfo_Init
                0x00105310       0x24 C:/devkitPro/libctru/lib\libcitro3d.a(buffers.o)
                0x00105310                BufInfo_Init
 .text.BufInfo_Add
                0x00105334       0x80 C:/devkitPro/libctru/lib\libcitro3d.a(buffers.o)
                0x00105334                BufInfo_Add
 .text.C3D_SetBufInfo
                0x001053b4       0x3c C:/devkitPro/libctru/lib\libcitro3d.a(buffers.o)
                0x001053b4                C3D_SetBufInfo
 .text.C3Di_BufInfoBind
                0x001053f0       0x48 C:/devkitPro/libctru/lib\libcitro3d.a(buffers.o)
                0x001053f0                C3Di_BufInfoBind
 .text.C3D_DrawElements
                0x00105438      0x21c C:/devkitPro/libctru/lib\libcitro3d.a(drawElements.o)
                0x00105438                C3D_DrawElements
 .text.C3D_DepthMap
                0x00105654       0x40 C:/devkitPro/libctru/lib\libcitro3d.a(effect.o)
                0x00105654                C3D_DepthMap
 .text.C3D_CullFace
                0x00105694       0x1c C:/devkitPro/libctru/lib\libcitro3d.a(effect.o)
                0x00105694                C3D_CullFace
 .text.C3D_StencilTest
                0x001056b0       0x40 C:/devkitPro/libctru/lib\libcitro3d.a(effect.o)
                0x001056b0                C3D_StencilTest
 .text.C3D_StencilOp
                0x001056f0       0x24 C:/devkitPro/libctru/lib\libcitro3d.a(effect.o)
                0x001056f0                C3D_StencilOp
 .text.C3D_BlendingColor
                0x00105714       0x1c C:/devkitPro/libctru/lib\libcitro3d.a(effect.o)
                0x00105714                C3D_BlendingColor
 .text.C3D_EarlyDepthTest
                0x00105730       0x24 C:/devkitPro/libctru/lib\libcitro3d.a(effect.o)
                0x00105730                C3D_EarlyDepthTest
 .text.C3D_DepthTest
                0x00105754       0x2c C:/devkitPro/libctru/lib\libcitro3d.a(effect.o)
                0x00105754                C3D_DepthTest
 .text.C3D_AlphaTest
                0x00105780       0x2c C:/devkitPro/libctru/lib\libcitro3d.a(effect.o)
                0x00105780                C3D_AlphaTest
 .text.C3D_AlphaBlend
                0x001057ac       0x50 C:/devkitPro/libctru/lib\libcitro3d.a(effect.o)
                0x001057ac                C3D_AlphaBlend
 .text.C3D_FragOpMode
                0x001057fc       0x30 C:/devkitPro/libctru/lib\libcitro3d.a(effect.o)
                0x001057fc                C3D_FragOpMode
 .text.C3D_FragOpShadow
                0x0010582c       0x44 C:/devkitPro/libctru/lib\libcitro3d.a(effect.o)
                0x0010582c                C3D_FragOpShadow
 .text.C3Di_EffectBind
                0x00105870      0x1ac C:/devkitPro/libctru/lib\libcitro3d.a(effect.o)
                0x00105870                C3Di_EffectBind
 .text.C3D_CalcColorBufSize
                0x00105a1c       0x1c C:/devkitPro/libctru/lib\libcitro3d.a(framebuffer.o)
                0x00105a1c                C3D_CalcColorBufSize
 .text.C3D_CalcDepthBufSize
                0x00105a38       0x1c C:/devkitPro/libctru/lib\libcitro3d.a(framebuffer.o)
                0x00105a38                C3D_CalcDepthBufSize
 .text.C3D_SetFrameBuf
                0x00105a54       0x44 C:/devkitPro/libctru/lib\libcitro3d.a(framebuffer.o)
                0x00105a54                C3D_SetFrameBuf
 .text.C3Di_FrameBufBind
                0x00105a98      0x16c C:/devkitPro/libctru/lib\libcitro3d.a(framebuffer.o)
                0x00105a98                C3Di_FrameBufBind
 .text.C3D_FrameBufClear
                0x00105c04       0xc8 C:/devkitPro/libctru/lib\libcitro3d.a(framebuffer.o)
                0x00105c04                C3D_FrameBufClear
 .text.C3D_FrameBufTransfer
                0x00105ccc       0x44 C:/devkitPro/libctru/lib\libcitro3d.a(framebuffer.o)
                0x00105ccc                C3D_FrameBufTransfer
 .text.C3D_ImmSendAttrib
                0x00105d10       0xa8 C:/devkitPro/libctru/lib\libcitro3d.a(immediate.o)
                0x00105d10                C3D_ImmSendAttrib
 .text.C3D_ProcTexInit
                0x00105db8       0x70 C:/devkitPro/libctru/lib\libcitro3d.a(proctex.o)
                0x00105db8                C3D_ProcTexInit
 .text.C3D_ProcTexBind
                0x00105e28       0x54 C:/devkitPro/libctru/lib\libcitro3d.a(proctex.o)
                0x00105e28                C3D_ProcTexBind
 .text.C3D_ProcTexLutBind
                0x00105e7c       0x5c C:/devkitPro/libctru/lib\libcitro3d.a(proctex.o)
                0x00105e7c                C3D_ProcTexLutBind
 .text.ProcTexLut_FromArray
                0x00105ed8       0xa4 C:/devkitPro/libctru/lib\libcitro3d.a(proctex.o)
                0x00105ed8                ProcTexLut_FromArray
 .text.C3Di_ProcTexUpdate
                0x00105f7c      0x178 C:/devkitPro/libctru/lib\libcitro3d.a(proctex.o)
                0x00105f7c                C3Di_ProcTexUpdate
 .text.C3Di_ProcTexDirty
                0x001060f4       0x68 C:/devkitPro/libctru/lib\libcitro3d.a(proctex.o)
                0x001060f4                C3Di_ProcTexDirty
 .text.onVBlank0
                0x0010615c       0x4c C:/devkitPro/libctru/lib\libcitro3d.a(renderqueue.o)
 .text.onVBlank1
                0x001061a8       0x4c C:/devkitPro/libctru/lib\libcitro3d.a(renderqueue.o)
 .text.C3Di_RenderTargetDestroy
                0x001061f4       0x80 C:/devkitPro/libctru/lib\libcitro3d.a(renderqueue.o)
 .text.onQueueFinish
                0x00106274       0xf4 C:/devkitPro/libctru/lib\libcitro3d.a(renderqueue.o)
 .text.C3Di_RenderQueueEnableVBlank
                0x00106368       0x38 C:/devkitPro/libctru/lib\libcitro3d.a(renderqueue.o)
                0x00106368                C3Di_RenderQueueEnableVBlank
 .text.C3Di_RenderQueueDisableVBlank
                0x001063a0       0x30 C:/devkitPro/libctru/lib\libcitro3d.a(renderqueue.o)
                0x001063a0                C3Di_RenderQueueDisableVBlank
 .text.C3Di_RenderQueueInit
                0x001063d0       0x60 C:/devkitPro/libctru/lib\libcitro3d.a(renderqueue.o)
                0x001063d0                C3Di_RenderQueueInit
 .text.C3Di_RenderQueueExit
                0x00106430       0xb4 C:/devkitPro/libctru/lib\libcitro3d.a(renderqueue.o)
                0x00106430                C3Di_RenderQueueExit
 .text.C3Di_RenderQueueWaitDone
                0x001064e4       0x34 C:/devkitPro/libctru/lib\libcitro3d.a(renderqueue.o)
                0x001064e4                C3Di_RenderQueueWaitDone
 .text.C3D_FrameBegin
                0x00106518       0xe8 C:/devkitPro/libctru/lib\libcitro3d.a(renderqueue.o)
                0x00106518                C3D_FrameBegin
 .text.C3D_FrameDrawOn
                0x00106600       0x48 C:/devkitPro/libctru/lib\libcitro3d.a(renderqueue.o)
                0x00106600                C3D_FrameDrawOn
 .text.C3D_FrameSplit
                0x00106648       0x58 C:/devkitPro/libctru/lib\libcitro3d.a(renderqueue.o)
                0x00106648                C3D_FrameSplit
 .text.C3D_FrameEnd
                0x001066a0      0x1d0 C:/devkitPro/libctru/lib\libcitro3d.a(renderqueue.o)
                0x001066a0                C3D_FrameEnd
 .text.C3D_FrameEndHook
                0x00106870       0x1c C:/devkitPro/libctru/lib\libcitro3d.a(renderqueue.o)
                0x00106870                C3D_FrameEndHook
 .text.C3D_RenderTargetCreate
                0x0010688c      0x170 C:/devkitPro/libctru/lib\libcitro3d.a(renderqueue.o)
                0x0010688c                C3D_RenderTargetCreate
 .text.C3D_RenderTargetSetOutput
                0x001069fc       0xa8 C:/devkitPro/libctru/lib\libcitro3d.a(renderqueue.o)
                0x001069fc                C3D_RenderTargetSetOutput
 .text.C3D_SyncTextureCopy
                0x00106aa4       0xfc C:/devkitPro/libctru/lib\libcitro3d.a(renderqueue.o)
                0x00106aa4                C3D_SyncTextureCopy
 .text.Tex3DSi_ImportCommon
                0x00106ba0      0x3d8 C:/devkitPro/libctru/lib\libcitro3d.a(tex3ds.o)
 .text.Tex3DS_TextureImportStdio
                0x00106f78       0x38 C:/devkitPro/libctru/lib\libcitro3d.a(tex3ds.o)
                0x00106f78                Tex3DS_TextureImportStdio
 .text.Tex3DS_GetSubTexture
                0x00106fb0       0x1c C:/devkitPro/libctru/lib\libcitro3d.a(tex3ds.o)
                0x00106fb0                Tex3DS_GetSubTexture
 .text.Tex3DS_TextureFree
                0x00106fcc        0x4 C:/devkitPro/libctru/lib\libcitro3d.a(tex3ds.o)
                0x00106fcc                Tex3DS_TextureFree
 .text.C3D_GetTexEnv
                0x00106fd0       0x34 C:/devkitPro/libctru/lib\libcitro3d.a(texenv.o)
                0x00106fd0                C3D_GetTexEnv
 .text.C3Di_TexEnvBind
                0x00107004       0x24 C:/devkitPro/libctru/lib\libcitro3d.a(texenv.o)
                0x00107004                C3Di_TexEnvBind
 .text.C3D_TexInitWithParams
                0x00107028      0x290 C:/devkitPro/libctru/lib\libcitro3d.a(texture.o)
                0x00107028                C3D_TexInitWithParams
 .text.C3D_TexLoadImage
                0x001072b8       0xc8 C:/devkitPro/libctru/lib\libcitro3d.a(texture.o)
                0x001072b8                C3D_TexLoadImage
 .text.C3D_TexBind
                0x00107380       0x44 C:/devkitPro/libctru/lib\libcitro3d.a(texture.o)
                0x00107380                C3D_TexBind
 .text.C3D_TexDelete
                0x001073c4       0x74 C:/devkitPro/libctru/lib\libcitro3d.a(texture.o)
                0x001073c4                C3D_TexDelete
 .text.C3Di_SetTex
                0x00107438      0x14c C:/devkitPro/libctru/lib\libcitro3d.a(texture.o)
                0x00107438                C3Di_SetTex
 .text.C3D_UpdateUniforms
                0x00107584      0x290 C:/devkitPro/libctru/lib\libcitro3d.a(uniforms.o)
                0x00107584                C3D_UpdateUniforms
 .text.C3Di_DirtyUniforms
                0x00107814       0xc0 C:/devkitPro/libctru/lib\libcitro3d.a(uniforms.o)
                0x00107814                C3Di_DirtyUniforms
 .text.C3Di_LoadShaderUniforms
                0x001078d4       0xd8 C:/devkitPro/libctru/lib\libcitro3d.a(uniforms.o)
                0x001078d4                C3Di_LoadShaderUniforms
 .text.C3Di_ClearShaderUniforms
                0x001079ac       0x28 C:/devkitPro/libctru/lib\libcitro3d.a(uniforms.o)
                0x001079ac                C3Di_ClearShaderUniforms
 .text.Mtx_Ortho
                0x001079d4       0xcc C:/devkitPro/libctru/lib\libcitro3d.a(mtx_ortho.o)
                0x001079d4                Mtx_Ortho
 .text.Mtx_OrthoTilt
                0x00107aa0       0xcc C:/devkitPro/libctru/lib\libcitro3d.a(mtx_orthotilt.o)
                0x00107aa0                Mtx_OrthoTilt
 .text._ZL21addrMapNodeComparatorPK11rbtree_nodeS1_
                0x00107b6c       0x24 C:/devkitPro/libctru/lib\libctru.a(linear.o)
 .text._ZL21addrMapNodeDestructorP11rbtree_node
                0x00107b90        0x4 C:/devkitPro/libctru/lib\libctru.a(linear.o)
 .text.linearMemAlign
                0x00107b94      0x12c C:/devkitPro/libctru/lib\libctru.a(linear.o)
                0x00107b94                linearMemAlign
 .text.linearAlloc
                0x00107cc0        0x8 C:/devkitPro/libctru/lib\libctru.a(linear.o)
                0x00107cc0                linearAlloc
 .text.linearFree
                0x00107cc8       0x5c C:/devkitPro/libctru/lib\libctru.a(linear.o)
                0x00107cc8                linearFree
 .text._ZN7MemPool13CoalesceRightEP8MemBlock
                0x00107d24       0x88 C:/devkitPro/libctru/lib\libctru.a(mem_pool.o)
                0x00107d24                _ZN7MemPool13CoalesceRightEP8MemBlock
 .text._ZN7MemPool8AllocateER8MemChunkmi
                0x00107dac      0x178 C:/devkitPro/libctru/lib\libctru.a(mem_pool.o)
                0x00107dac                _ZN7MemPool8AllocateER8MemChunkmi
 .text._ZN7MemPool10DeallocateERK8MemChunk
                0x00107f24      0x118 C:/devkitPro/libctru/lib\libctru.a(mem_pool.o)
                0x00107f24                _ZN7MemPool10DeallocateERK8MemChunk
 .text._ZN7MemPool12GetFreeSpaceEv
                0x0010803c       0x30 C:/devkitPro/libctru/lib\libctru.a(mem_pool.o)
                0x0010803c                _ZN7MemPool12GetFreeSpaceEv
 .text._ZL21addrMapNodeComparatorPK11rbtree_nodeS1_
                0x0010806c       0x24 C:/devkitPro/libctru/lib\libctru.a(vram.o)
 .text._ZL21addrMapNodeDestructorP11rbtree_node
                0x00108090        0x4 C:/devkitPro/libctru/lib\libctru.a(vram.o)
 .text.vramMemAlignAt
                0x00108094      0x248 C:/devkitPro/libctru/lib\libctru.a(vram.o)
                0x00108094                vramMemAlignAt
 .text.vramAlloc
                0x001082dc        0xc C:/devkitPro/libctru/lib\libctru.a(vram.o)
                0x001082dc                vramAlloc
 .text.vramAllocAt
                0x001082e8        0xc C:/devkitPro/libctru/lib\libctru.a(vram.o)
                0x001082e8                vramAllocAt
 .text.vramFree
                0x001082f4       0x94 C:/devkitPro/libctru/lib\libctru.a(vram.o)
                0x001082f4                vramFree
 .text.consoleDrawChar
                0x00108388      0x1c8 C:/devkitPro/libctru/lib\libctru.a(console.o)
                0x00108388                consoleDrawChar
 .text.consolePrintChar
                0x00108550      0x170 C:/devkitPro/libctru/lib\libctru.a(console.o)
                0x00108550                consolePrintChar
 .text.newRow   0x001086c0      0x110 C:/devkitPro/libctru/lib\libctru.a(console.o)
 .text.consoleClear
                0x001087d0       0xb8 C:/devkitPro/libctru/lib\libctru.a(console.o)
                0x001087d0                consoleClear
 .text.fontEnsureMapped
                0x00108888       0x9c C:/devkitPro/libctru/lib\libctru.a(font.o)
                0x00108888                fontEnsureMapped
 .text.fontGlyphIndexFromCodePoint
                0x00108924      0x100 C:/devkitPro/libctru/lib\libctru.a(font.o)
                0x00108924                fontGlyphIndexFromCodePoint
 .text.fontCalcGlyphPos
                0x00108a24      0x214 C:/devkitPro/libctru/lib\libctru.a(font.o)
                0x00108a24                fontCalcGlyphPos
 .text.gfxPresentFramebuffer
                0x00108c38       0xcc C:/devkitPro/libctru/lib\libctru.a(gfx.o)
 .text.gfxIsWide
                0x00108d04       0x1c C:/devkitPro/libctru/lib\libctru.a(gfx.o)
                0x00108d04                gfxIsWide
 .text.gfxSetScreenFormat
                0x00108d20       0xf8 C:/devkitPro/libctru/lib\libctru.a(gfx.o)
                0x00108d20                gfxSetScreenFormat
 .text.gfxInit  0x00108e18       0xd8 C:/devkitPro/libctru/lib\libctru.a(gfx.o)
                0x00108e18                gfxInit
 .text.gfxInitDefault
                0x00108ef0       0x10 C:/devkitPro/libctru/lib\libctru.a(gfx.o)
                0x00108ef0                gfxInitDefault
 .text.gfxExit  0x00108f00       0xb8 C:/devkitPro/libctru/lib\libctru.a(gfx.o)
                0x00108f00                gfxExit
 .text.gfxGetFramebuffer
                0x00108fb8       0xa0 C:/devkitPro/libctru/lib\libctru.a(gfx.o)
                0x00108fb8                gfxGetFramebuffer
 .text.gfxFlushBuffers
                0x00109058      0x100 C:/devkitPro/libctru/lib\libctru.a(gfx.o)
                0x00109058                gfxFlushBuffers
 .text.gfxScreenSwapBuffers
                0x00109158       0x28 C:/devkitPro/libctru/lib\libctru.a(gfx.o)
                0x00109158                gfxScreenSwapBuffers
 .text.osConvertVirtToPhys
                0x00109180       0x74 C:/devkitPro/libctru/lib\libctru.a(os.o)
                0x00109180                osConvertVirtToPhys
 .text.osGetTimeRef
                0x001091f4       0x54 C:/devkitPro/libctru/lib\libctru.a(os.o)
                0x001091f4                osGetTimeRef
 .text.osGetTime
                0x00109248       0xec C:/devkitPro/libctru/lib\libctru.a(os.o)
                0x00109248                osGetTime
 .text.__ctru_speedup_config
                0x00109334       0x34 C:/devkitPro/libctru/lib\libctru.a(os.o)
                0x00109334                __ctru_speedup_config
 .text.romfs_close
                0x00109368        0x8 C:/devkitPro/libctru/lib\libctru.a(romfs_dev.o)
 .text.romfs_seek
                0x00109370       0xac C:/devkitPro/libctru/lib\libctru.a(romfs_dev.o)
 .text.romfs_dirreset
                0x0010941c       0x24 C:/devkitPro/libctru/lib\libctru.a(romfs_dev.o)
 .text.fill_dir
                0x00109440       0xc0 C:/devkitPro/libctru/lib\libctru.a(romfs_dev.o)
 .text.romfs_dirnext
                0x00109500      0x2ac C:/devkitPro/libctru/lib\libctru.a(romfs_dev.o)
 .text.romfs_free
                0x001097ac       0x74 C:/devkitPro/libctru/lib\libctru.a(romfs_dev.o)
 .text.searchForFile.constprop.0
                0x00109820       0xd0 C:/devkitPro/libctru/lib\libctru.a(romfs_dev.o)
 .text.searchForDir.constprop.0
                0x001098f0       0xd4 C:/devkitPro/libctru/lib\libctru.a(romfs_dev.o)
 .text.navigateToDir.constprop.0
                0x001099c4      0x1c0 C:/devkitPro/libctru/lib\libctru.a(romfs_dev.o)
 .text.romfs_open
                0x00109b84      0x114 C:/devkitPro/libctru/lib\libctru.a(romfs_dev.o)
 .text.romfs_chdir
                0x00109c98       0x4c C:/devkitPro/libctru/lib\libctru.a(romfs_dev.o)
 .text.romfs_diropen
                0x00109ce4       0x68 C:/devkitPro/libctru/lib\libctru.a(romfs_dev.o)
 .text.romfs_stat
                0x00109d4c      0x178 C:/devkitPro/libctru/lib\libctru.a(romfs_dev.o)
 .text.romfs_dirclose
                0x00109ec4        0x8 C:/devkitPro/libctru/lib\libctru.a(romfs_dev.o)
 *fill*         0x00109ecc        0x4 
 .text.romfs_fstat
                0x00109ed0       0x7c C:/devkitPro/libctru/lib\libctru.a(romfs_dev.o)
 .text.romfs_read
                0x00109f4c       0xd0 C:/devkitPro/libctru/lib\libctru.a(romfs_dev.o)
 .text.romfsMountFromFile
                0x0010a01c      0x28c C:/devkitPro/libctru/lib\libctru.a(romfs_dev.o)
                0x0010a01c                romfsMountFromFile
 .text.romfsMountFromCurrentProcess
                0x0010a2a8       0x98 C:/devkitPro/libctru/lib\libctru.a(romfs_dev.o)
                0x0010a2a8                romfsMountFromCurrentProcess
 .text.romfsMountSelf
                0x0010a340      0x258 C:/devkitPro/libctru/lib\libctru.a(romfs_dev.o)
                0x0010a340                romfsMountSelf
 .text.GPUCMD_Add
                0x0010a598      0x13c C:/devkitPro/libctru/lib\libctru.a(gpu.o)
                0x0010a598                GPUCMD_Add
 .text.GPUCMD_Split
                0x0010a6d4       0xb0 C:/devkitPro/libctru/lib\libctru.a(gpu.o)
                0x0010a6d4                GPUCMD_Split
 .text.f32tof16
                0x0010a784       0x34 C:/devkitPro/libctru/lib\libctru.a(gpu.o)
                0x0010a784                f32tof16
 .text.f32tof24
                0x0010a7b8       0x34 C:/devkitPro/libctru/lib\libctru.a(gpu.o)
                0x0010a7b8                f32tof24
 .text.f32tof31
                0x0010a7ec       0x38 C:/devkitPro/libctru/lib\libctru.a(gpu.o)
                0x0010a7ec                f32tof31
 .text.GX_BindQueue
                0x0010a824       0x10 C:/devkitPro/libctru/lib\libctru.a(gx.o)
                0x0010a824                GX_BindQueue
 .text.GX_ProcessCommandList
                0x0010a834       0x7c C:/devkitPro/libctru/lib\libctru.a(gx.o)
                0x0010a834                GX_ProcessCommandList
 .text.GX_MemoryFill
                0x0010a8b0       0x74 C:/devkitPro/libctru/lib\libctru.a(gx.o)
                0x0010a8b0                GX_MemoryFill
 .text.GX_DisplayTransfer
                0x0010a924       0x74 C:/devkitPro/libctru/lib\libctru.a(gx.o)
                0x0010a924                GX_DisplayTransfer
 .text.GX_TextureCopy
                0x0010a998       0x78 C:/devkitPro/libctru/lib\libctru.a(gx.o)
                0x0010a998                GX_TextureCopy
 .text.gxCmdQueueDoCommands.part.0
                0x0010aa10       0x64 C:/devkitPro/libctru/lib\libctru.a(gxqueue.o)
 .text.gxCmdQueueInterrupt
                0x0010aa74       0xe4 C:/devkitPro/libctru/lib\libctru.a(gxqueue.o)
                0x0010aa74                gxCmdQueueInterrupt
 .text.gxCmdQueueClear
                0x0010ab58       0x68 C:/devkitPro/libctru/lib\libctru.a(gxqueue.o)
                0x0010ab58                gxCmdQueueClear
 .text.gxCmdQueueAdd
                0x0010abc0      0x108 C:/devkitPro/libctru/lib\libctru.a(gxqueue.o)
                0x0010abc0                gxCmdQueueAdd
 .text.gxCmdQueueRun
                0x0010acc8       0x80 C:/devkitPro/libctru/lib\libctru.a(gxqueue.o)
                0x0010acc8                gxCmdQueueRun
 .text.gxCmdQueueStop
                0x0010ad48       0x64 C:/devkitPro/libctru/lib\libctru.a(gxqueue.o)
                0x0010ad48                gxCmdQueueStop
 .text.gxCmdQueueWait
                0x0010adac       0x8c C:/devkitPro/libctru/lib\libctru.a(gxqueue.o)
                0x0010adac                gxCmdQueueWait
 .text.shaderInstanceInit
                0x0010ae38      0x1e0 C:/devkitPro/libctru/lib\libctru.a(shaderProgram.o)
                0x0010ae38                shaderInstanceInit
 .text.shaderInstanceGetUniformLocation
                0x0010b018       0x18 C:/devkitPro/libctru/lib\libctru.a(shaderProgram.o)
                0x0010b018                shaderInstanceGetUniformLocation
 .text.shaderProgramInit
                0x0010b030       0x1c C:/devkitPro/libctru/lib\libctru.a(shaderProgram.o)
                0x0010b030                shaderProgramInit
 .text.shaderProgramFree
                0x0010b04c       0x74 C:/devkitPro/libctru/lib\libctru.a(shaderProgram.o)
                0x0010b04c                shaderProgramFree
 .text.shaderProgramSetVsh
                0x0010b0c0       0x94 C:/devkitPro/libctru/lib\libctru.a(shaderProgram.o)
                0x0010b0c0                shaderProgramSetVsh
 .text.shaderProgramConfigure
                0x0010b154      0x8d0 C:/devkitPro/libctru/lib\libctru.a(shaderProgram.o)
                0x0010b154                shaderProgramConfigure
 .text.DVLE_GenerateOutmap.part.0
                0x0010ba24      0x1dc C:/devkitPro/libctru/lib\libctru.a(shbin.o)
 .text.DVLB_ParseFile
                0x0010bc00      0x1ac C:/devkitPro/libctru/lib\libctru.a(shbin.o)
                0x0010bc00                DVLB_ParseFile
 .text.DVLB_Free
                0x0010bdac       0x50 C:/devkitPro/libctru/lib\libctru.a(shbin.o)
                0x0010bdac                DVLB_Free
 .text.DVLE_GetUniformRegister
                0x0010bdfc       0x74 C:/devkitPro/libctru/lib\libctru.a(shbin.o)
                0x0010bdfc                DVLE_GetUniformRegister
 .text.ndspUpdateMaster
                0x0010be70      0x158 C:/devkitPro/libctru/lib\libctru.a(ndsp.o)
 .text.ndspFinalize
                0x0010bfc8      0x108 C:/devkitPro/libctru/lib\libctru.a(ndsp.o)
 .text.ndspInitialize.part.0
                0x0010c0d0      0x254 C:/devkitPro/libctru/lib\libctru.a(ndsp.o)
 .text.ndspHookCallback
                0x0010c324      0x108 C:/devkitPro/libctru/lib\libctru.a(ndsp.o)
 *fill*         0x0010c42c        0x4 
 .text.ndspThreadMain
                0x0010c430      0x318 C:/devkitPro/libctru/lib\libctru.a(ndsp.o)
 .text.ndspInit
                0x0010c748      0x3f0 C:/devkitPro/libctru/lib\libctru.a(ndsp.o)
                0x0010c748                ndspInit
 .text.ndspExit
                0x0010cb38       0xd8 C:/devkitPro/libctru/lib\libctru.a(ndsp.o)
                0x0010cb38                ndspExit
 .text.ndspSetMasterVol
                0x0010cc10       0x3c C:/devkitPro/libctru/lib\libctru.a(ndsp.o)
                0x0010cc10                ndspSetMasterVol
 .text.ndspSetOutputMode
                0x0010cc4c       0x34 C:/devkitPro/libctru/lib\libctru.a(ndsp.o)
                0x0010cc4c                ndspSetOutputMode
 .text.ndspChnReset
                0x0010cc80       0xe0 C:/devkitPro/libctru/lib\libctru.a(ndsp-channel.o)
                0x0010cc80                ndspChnReset
 .text.ndspChnSetFormat
                0x0010cd60       0x18 C:/devkitPro/libctru/lib\libctru.a(ndsp-channel.o)
                0x0010cd60                ndspChnSetFormat
 .text.ndspChnSetInterp
                0x0010cd78       0x50 C:/devkitPro/libctru/lib\libctru.a(ndsp-channel.o)
                0x0010cd78                ndspChnSetInterp
 .text.ndspChnSetRate
                0x0010cdc8       0x60 C:/devkitPro/libctru/lib\libctru.a(ndsp-channel.o)
                0x0010cdc8                ndspChnSetRate
 .text.ndspChnSetMix
                0x0010ce28       0x80 C:/devkitPro/libctru/lib\libctru.a(ndsp-channel.o)
                0x0010ce28                ndspChnSetMix
 .text.ndspChnWaveBufClear
                0x0010cea8       0xb0 C:/devkitPro/libctru/lib\libctru.a(ndsp-channel.o)
                0x0010cea8                ndspChnWaveBufClear
 .text.ndspChnWaveBufAdd
                0x0010cf58       0xc8 C:/devkitPro/libctru/lib\libctru.a(ndsp-channel.o)
                0x0010cf58                ndspChnWaveBufAdd
 .text.ndspiInitChn
                0x0010d020       0x40 C:/devkitPro/libctru/lib\libctru.a(ndsp-channel.o)
                0x0010d020                ndspiInitChn
 .text.ndspiDirtyChn
                0x0010d060       0x2c C:/devkitPro/libctru/lib\libctru.a(ndsp-channel.o)
                0x0010d060                ndspiDirtyChn
 .text.ndspiUpdateChn
                0x0010d08c      0x43c C:/devkitPro/libctru/lib\libctru.a(ndsp-channel.o)
                0x0010d08c                ndspiUpdateChn
 .text.ndspiReadChnState
                0x0010d4c8      0x180 C:/devkitPro/libctru/lib\libctru.a(ndsp-channel.o)
                0x0010d4c8                ndspiReadChnState
 .text.aptConvertScreenForCapture
                0x0010d648      0x180 C:/devkitPro/libctru/lib\libctru.a(apt.o)
 .text.aptSendCommand
                0x0010d7c8      0x138 C:/devkitPro/libctru/lib\libctru.a(apt.o)
                0x0010d7c8                aptSendCommand
 .text.aptExitProcess
                0x0010d900       0x44 C:/devkitPro/libctru/lib\libctru.a(apt.o)
 .text.aptExit  0x0010d944      0x394 C:/devkitPro/libctru/lib\libctru.a(apt.o)
                0x0010d944                aptExit
 .text.aptHandleSleep
                0x0010dcd8       0xd8 C:/devkitPro/libctru/lib\libctru.a(apt.o)
                0x0010dcd8                aptHandleSleep
 .text.aptHook  0x0010ddb0       0x34 C:/devkitPro/libctru/lib\libctru.a(apt.o)
                0x0010ddb0                aptHook
 .text.aptUnhook
                0x0010dde4       0x30 C:/devkitPro/libctru/lib\libctru.a(apt.o)
                0x0010dde4                aptUnhook
 .text.APT_SleepIfShellClosed
                0x0010de14       0x84 C:/devkitPro/libctru/lib\libctru.a(apt.o)
                0x0010de14                APT_SleepIfShellClosed
 .text.aptSetSleepAllowed
                0x0010de98       0x78 C:/devkitPro/libctru/lib\libctru.a(apt.o)
                0x0010de98                aptSetSleepAllowed
 .text.APT_UnlockTransition
                0x0010df10       0x84 C:/devkitPro/libctru/lib\libctru.a(apt.o)
                0x0010df10                APT_UnlockTransition
 *fill*         0x0010df94        0x4 
 .text.aptEventHandler
                0x0010df98      0x470 C:/devkitPro/libctru/lib\libctru.a(apt.o)
 .text.APT_ReceiveParameter
                0x0010e408       0xbc C:/devkitPro/libctru/lib\libctru.a(apt.o)
                0x0010e408                APT_ReceiveParameter
 .text.aptReceiveParameter.constprop.0
                0x0010e4c4       0xb0 C:/devkitPro/libctru/lib\libctru.a(apt.o)
 *fill*         0x0010e574        0x4 
 .text.aptScreenTransfer
                0x0010e578      0x294 C:/devkitPro/libctru/lib\libctru.a(apt.o)
 .text.aptWaitForWakeUp.isra.0
                0x0010e80c      0x2d0 C:/devkitPro/libctru/lib\libctru.a(apt.o)
 .text.aptJumpToHomeMenu
                0x0010eadc       0xf4 C:/devkitPro/libctru/lib\libctru.a(apt.o)
                0x0010eadc                aptJumpToHomeMenu
 .text.aptMainLoop
                0x0010ebd0       0x58 C:/devkitPro/libctru/lib\libctru.a(apt.o)
                0x0010ebd0                aptMainLoop
 .text.aptInit  0x0010ec28      0x240 C:/devkitPro/libctru/lib\libctru.a(apt.o)
                0x0010ec28                aptInit
 .text.APT_CheckNew3DS
                0x0010ee68       0x90 C:/devkitPro/libctru/lib\libctru.a(apt.o)
                0x0010ee68                APT_CheckNew3DS
 .text.APT_GetSharedFont
                0x0010eef8       0x48 C:/devkitPro/libctru/lib\libctru.a(apt.o)
                0x0010eef8                APT_GetSharedFont
 .text.cfguInit
                0x0010ef40       0xa8 C:/devkitPro/libctru/lib\libctru.a(cfgu.o)
                0x0010ef40                cfguInit
 .text.cfguExit
                0x0010efe8       0x3c C:/devkitPro/libctru/lib\libctru.a(cfgu.o)
                0x0010efe8                cfguExit
 .text.CFGU_GetConfigInfoBlk2
                0x0010f024       0x4c C:/devkitPro/libctru/lib\libctru.a(cfgu.o)
                0x0010f024                CFGU_GetConfigInfoBlk2
 .text.DSP_LoadComponent.part.0
                0x0010f070       0xa4 C:/devkitPro/libctru/lib\libctru.a(dsp.o)
 .text.dspInit  0x0010f114       0xfc C:/devkitPro/libctru/lib\libctru.a(dsp.o)
                0x0010f114                dspInit
 .text.dspExit  0x0010f210       0x8c C:/devkitPro/libctru/lib\libctru.a(dsp.o)
                0x0010f210                dspExit
 .text.dspHook  0x0010f29c       0x24 C:/devkitPro/libctru/lib\libctru.a(dsp.o)
                0x0010f29c                dspHook
 .text.dspUnhook
                0x0010f2c0       0x30 C:/devkitPro/libctru/lib\libctru.a(dsp.o)
                0x0010f2c0                dspUnhook
 .text.aptDspSleep
                0x0010f2f0       0xb4 C:/devkitPro/libctru/lib\libctru.a(dsp.o)
                0x0010f2f0                aptDspSleep
 .text.aptDspWakeup
                0x0010f3a4       0xb4 C:/devkitPro/libctru/lib\libctru.a(dsp.o)
                0x0010f3a4                aptDspWakeup
 .text.aptDspCancel
                0x0010f458       0x44 C:/devkitPro/libctru/lib\libctru.a(dsp.o)
                0x0010f458                aptDspCancel
 .text.DSP_FlushDataCache
                0x0010f49c       0x50 C:/devkitPro/libctru/lib\libctru.a(dsp.o)
                0x0010f49c                DSP_FlushDataCache
 .text.DSP_SetSemaphore
                0x0010f4ec       0x34 C:/devkitPro/libctru/lib\libctru.a(dsp.o)
                0x0010f4ec                DSP_SetSemaphore
 .text.DSP_SetSemaphoreMask
                0x0010f520       0x34 C:/devkitPro/libctru/lib\libctru.a(dsp.o)
                0x0010f520                DSP_SetSemaphoreMask
 .text.DSP_GetSemaphoreHandle
                0x0010f554       0x38 C:/devkitPro/libctru/lib\libctru.a(dsp.o)
                0x0010f554                DSP_GetSemaphoreHandle
 .text.DSP_LoadComponent
                0x0010f58c       0x3c C:/devkitPro/libctru/lib\libctru.a(dsp.o)
                0x0010f58c                DSP_LoadComponent
 .text.DSP_RegisterInterruptEvents
                0x0010f5c8       0x44 C:/devkitPro/libctru/lib\libctru.a(dsp.o)
                0x0010f5c8                DSP_RegisterInterruptEvents
 .text.DSP_ReadPipeIfPossible
                0x0010f60c       0x78 C:/devkitPro/libctru/lib\libctru.a(dsp.o)
                0x0010f60c                DSP_ReadPipeIfPossible
 .text.DSP_WriteProcessPipe
                0x0010f684       0x4c C:/devkitPro/libctru/lib\libctru.a(dsp.o)
                0x0010f684                DSP_WriteProcessPipe
 .text.DSP_ConvertProcessAddressFromDspDram
                0x0010f6d0       0x44 C:/devkitPro/libctru/lib\libctru.a(dsp.o)
                0x0010f6d0                DSP_ConvertProcessAddressFromDspDram
 .text.DSP_RecvData
                0x0010f714       0x44 C:/devkitPro/libctru/lib\libctru.a(dsp.o)
                0x0010f714                DSP_RecvData
 .text.DSP_RecvDataIsReady
                0x0010f758       0x50 C:/devkitPro/libctru/lib\libctru.a(dsp.o)
                0x0010f758                DSP_RecvDataIsReady
 .text.fsInit   0x0010f7a8      0x104 C:/devkitPro/libctru/lib\libctru.a(fs.o)
                0x0010f7a8                fsInit
 .text.fsExit   0x0010f8ac       0x3c C:/devkitPro/libctru/lib\libctru.a(fs.o)
                0x0010f8ac                fsExit
 .text.fsExemptFromSession
                0x0010f8e8       0x68 C:/devkitPro/libctru/lib\libctru.a(fs.o)
                0x0010f8e8                fsExemptFromSession
 .text.fsUnexemptFromSession
                0x0010f950       0x50 C:/devkitPro/libctru/lib\libctru.a(fs.o)
                0x0010f950                fsUnexemptFromSession
 .text.FSUSER_OpenFile
                0x0010f9a0       0xcc C:/devkitPro/libctru/lib\libctru.a(fs.o)
                0x0010f9a0                FSUSER_OpenFile
 .text.FSUSER_OpenFileDirectly
                0x0010fa6c       0xcc C:/devkitPro/libctru/lib\libctru.a(fs.o)
                0x0010fa6c                FSUSER_OpenFileDirectly
 .text.FSUSER_DeleteFile
                0x0010fb38       0xb8 C:/devkitPro/libctru/lib\libctru.a(fs.o)
                0x0010fb38                FSUSER_DeleteFile
 .text.FSUSER_RenameFile
                0x0010fbf0       0xf4 C:/devkitPro/libctru/lib\libctru.a(fs.o)
                0x0010fbf0                FSUSER_RenameFile
 .text.FSUSER_DeleteDirectory
                0x0010fce4       0xb8 C:/devkitPro/libctru/lib\libctru.a(fs.o)
                0x0010fce4                FSUSER_DeleteDirectory
 .text.FSUSER_CreateFile
                0x0010fd9c       0xd0 C:/devkitPro/libctru/lib\libctru.a(fs.o)
                0x0010fd9c                FSUSER_CreateFile
 .text.FSUSER_CreateDirectory
                0x0010fe6c       0xc0 C:/devkitPro/libctru/lib\libctru.a(fs.o)
                0x0010fe6c                FSUSER_CreateDirectory
 .text.FSUSER_RenameDirectory
                0x0010ff2c       0xf4 C:/devkitPro/libctru/lib\libctru.a(fs.o)
                0x0010ff2c                FSUSER_RenameDirectory
 .text.FSUSER_OpenDirectory
                0x00110020       0xb4 C:/devkitPro/libctru/lib\libctru.a(fs.o)
                0x00110020                FSUSER_OpenDirectory
 .text.FSUSER_OpenArchive
                0x001100d4       0x90 C:/devkitPro/libctru/lib\libctru.a(fs.o)
                0x001100d4                FSUSER_OpenArchive
 .text.FSUSER_CloseArchive
                0x00110164       0x8c C:/devkitPro/libctru/lib\libctru.a(fs.o)
                0x00110164                FSUSER_CloseArchive
 .text.FSUSER_GetSdmcArchiveResource
                0x001101f0       0x74 C:/devkitPro/libctru/lib\libctru.a(fs.o)
                0x001101f0                FSUSER_GetSdmcArchiveResource
 .text.FSUSER_IsSdmcWritable
                0x00110264       0x64 C:/devkitPro/libctru/lib\libctru.a(fs.o)
                0x00110264                FSUSER_IsSdmcWritable
 .text.FSFILE_Read
                0x001102c8       0x64 C:/devkitPro/libctru/lib\libctru.a(fs.o)
                0x001102c8                FSFILE_Read
 .text.FSFILE_Write
                0x0011032c       0x6c C:/devkitPro/libctru/lib\libctru.a(fs.o)
                0x0011032c                FSFILE_Write
 .text.FSFILE_GetSize
                0x00110398       0x44 C:/devkitPro/libctru/lib\libctru.a(fs.o)
                0x00110398                FSFILE_GetSize
 .text.FSFILE_SetSize
                0x001103dc       0x28 C:/devkitPro/libctru/lib\libctru.a(fs.o)
                0x001103dc                FSFILE_SetSize
 .text.FSFILE_Close
                0x00110404       0x3c C:/devkitPro/libctru/lib\libctru.a(fs.o)
                0x00110404                FSFILE_Close
 .text.FSFILE_Flush
                0x00110440       0x24 C:/devkitPro/libctru/lib\libctru.a(fs.o)
                0x00110440                FSFILE_Flush
 .text.FSDIR_Read
                0x00110464       0x60 C:/devkitPro/libctru/lib\libctru.a(fs.o)
                0x00110464                FSDIR_Read
 .text.FSDIR_Close
                0x001104c4       0x3c C:/devkitPro/libctru/lib\libctru.a(fs.o)
                0x001104c4                FSDIR_Close
 .text.gspHardwareInit
                0x00110500      0xc70 C:/devkitPro/libctru/lib\libctru.a(gspgpu.o)
 .text.gspInit  0x00111170      0x280 C:/devkitPro/libctru/lib\libctru.a(gspgpu.o)
                0x00111170                gspInit
 .text.gspExit  0x001113f0      0x110 C:/devkitPro/libctru/lib\libctru.a(gspgpu.o)
                0x001113f0                gspExit
 .text.gspHasGpuRight
                0x00111500       0x10 C:/devkitPro/libctru/lib\libctru.a(gspgpu.o)
                0x00111500                gspHasGpuRight
 .text.gspPresentBuffer
                0x00111510       0xa4 C:/devkitPro/libctru/lib\libctru.a(gspgpu.o)
                0x00111510                gspPresentBuffer
 .text.gspSetEventCallback
                0x001115b4       0x30 C:/devkitPro/libctru/lib\libctru.a(gspgpu.o)
                0x001115b4                gspSetEventCallback
 .text.gspWaitForEvent
                0x001115e4       0x50 C:/devkitPro/libctru/lib\libctru.a(gspgpu.o)
                0x001115e4                gspWaitForEvent
 .text.gspWaitForAnyEvent
                0x00111634       0x4c C:/devkitPro/libctru/lib\libctru.a(gspgpu.o)
                0x00111634                gspWaitForAnyEvent
 .text.gspEventThreadMain
                0x00111680      0x154 C:/devkitPro/libctru/lib\libctru.a(gspgpu.o)
 .text.gspSubmitGxCommand
                0x001117d4      0x12c C:/devkitPro/libctru/lib\libctru.a(gspgpu.o)
                0x001117d4                gspSubmitGxCommand
 .text.GSPGPU_FlushDataCache
                0x00111900       0x50 C:/devkitPro/libctru/lib\libctru.a(gspgpu.o)
                0x00111900                GSPGPU_FlushDataCache
 .text.GSPGPU_SetLcdForceBlack
                0x00111950       0x34 C:/devkitPro/libctru/lib\libctru.a(gspgpu.o)
                0x00111950                GSPGPU_SetLcdForceBlack
 .text.GSPGPU_AcquireRight
                0x00111984       0x80 C:/devkitPro/libctru/lib\libctru.a(gspgpu.o)
                0x00111984                GSPGPU_AcquireRight
 .text.GSPGPU_ReleaseRight
                0x00111a04       0x5c C:/devkitPro/libctru/lib\libctru.a(gspgpu.o)
                0x00111a04                GSPGPU_ReleaseRight
 .text.GSPGPU_ImportDisplayCaptureInfo
                0x00111a60       0x7c C:/devkitPro/libctru/lib\libctru.a(gspgpu.o)
                0x00111a60                GSPGPU_ImportDisplayCaptureInfo
 .text.GSPGPU_SaveVramSysArea
                0x00111adc       0x2c C:/devkitPro/libctru/lib\libctru.a(gspgpu.o)
                0x00111adc                GSPGPU_SaveVramSysArea
 .text.GSPGPU_RestoreVramSysArea
                0x00111b08       0x2c C:/devkitPro/libctru/lib\libctru.a(gspgpu.o)
                0x00111b08                GSPGPU_RestoreVramSysArea
 .text.hidShouldUseIrrst
                0x00111b34       0x24 C:/devkitPro/libctru/lib\libctru.a(hid.o)
                0x00111b34                hidShouldUseIrrst
 .text.hidInit  0x00111b58      0x1cc C:/devkitPro/libctru/lib\libctru.a(hid.o)
                0x00111b58                hidInit
 .text.hidExit  0x00111d24       0xe8 C:/devkitPro/libctru/lib\libctru.a(hid.o)
                0x00111d24                hidExit
 .text.hidScanInput
                0x00111e0c      0x2a0 C:/devkitPro/libctru/lib\libctru.a(hid.o)
                0x00111e0c                hidScanInput
 .text.hidKeysDown
                0x001120ac       0x10 C:/devkitPro/libctru/lib\libctru.a(hid.o)
                0x001120ac                hidKeysDown
 .text.hidTouchRead
                0x001120bc       0x18 C:/devkitPro/libctru/lib\libctru.a(hid.o)
                0x001120bc                hidTouchRead
 .text.irrstInit
                0x001120d4      0x1a4 C:/devkitPro/libctru/lib\libctru.a(irrst.o)
                0x001120d4                irrstInit
 .text.irrstExit
                0x00112278       0xdc C:/devkitPro/libctru/lib\libctru.a(irrst.o)
                0x00112278                irrstExit
 .text.irrstScanInput
                0x00112354       0xb4 C:/devkitPro/libctru/lib\libctru.a(irrst.o)
                0x00112354                irrstScanInput
 .text.irrstKeysHeld
                0x00112408       0x24 C:/devkitPro/libctru/lib\libctru.a(irrst.o)
                0x00112408                irrstKeysHeld
 .text.ptmSysmInit
                0x0011242c       0x78 C:/devkitPro/libctru/lib\libctru.a(ptmsysm.o)
                0x0011242c                ptmSysmInit
 .text.ptmSysmExit
                0x001124a4       0x3c C:/devkitPro/libctru/lib\libctru.a(ptmsysm.o)
                0x001124a4                ptmSysmExit
 .text.PTMSYSM_ConfigureNew3DSCPU
                0x001124e0       0x34 C:/devkitPro/libctru/lib\libctru.a(ptmsysm.o)
                0x001124e0                PTMSYSM_ConfigureNew3DSCPU
 .text.buffer_read
                0x00112514       0xe0 C:/devkitPro/libctru/lib\libctru.a(decompress.o)
 .text.iov_read
                0x001125f4       0xcc C:/devkitPro/libctru/lib\libctru.a(decompress.o)
 .text.iov_memmove
                0x001126c0      0x164 C:/devkitPro/libctru/lib\libctru.a(decompress.o)
 .text.decompress_rle
                0x00112824      0x1e0 C:/devkitPro/libctru/lib\libctru.a(decompress.o)
 .text.decompress_lzss
                0x00112a04      0x264 C:/devkitPro/libctru/lib\libctru.a(decompress.o)
 .text.decompress_lz11
                0x00112c68      0x418 C:/devkitPro/libctru/lib\libctru.a(decompress.o)
 .text.decompress_huff.isra.0
                0x00113080      0x31c C:/devkitPro/libctru/lib\libctru.a(decompress.o)
 .text.decompressCallback_Stdio
                0x0011339c       0x10 C:/devkitPro/libctru/lib\libctru.a(decompress.o)
                0x0011339c                decompressCallback_Stdio
 .text.decompressHeader
                0x001133ac       0xe4 C:/devkitPro/libctru/lib\libctru.a(decompress.o)
                0x001133ac                decompressHeader
 .text.decompressV
                0x00113490      0x21c C:/devkitPro/libctru/lib\libctru.a(decompress.o)
                0x00113490                decompressV
 .text.rbtree_find
                0x001136ac       0x74 C:/devkitPro/libctru/lib\libctru.a(rbtree_find.o)
                0x001136ac                rbtree_find
 .text.rbtree_init
                0x00113720       0x10 C:/devkitPro/libctru/lib\libctru.a(rbtree_init.o)
                0x00113720                rbtree_init
 .text.do_insert
                0x00113730      0x198 C:/devkitPro/libctru/lib\libctru.a(rbtree_insert.o)
 .text.rbtree_insert
                0x001138c8        0x8 C:/devkitPro/libctru/lib\libctru.a(rbtree_insert.o)
                0x001138c8                rbtree_insert
 .text.rbtree_remove
                0x001138d0      0x310 C:/devkitPro/libctru/lib\libctru.a(rbtree_remove.o)
                0x001138d0                rbtree_remove
 .text.rbtree_rotate
                0x00113be0       0x90 C:/devkitPro/libctru/lib\libctru.a(rbtree_rotate.o)
                0x00113be0                rbtree_rotate
 .text.decode_utf8
                0x00113c70      0x140 C:/devkitPro/libctru/lib\libctru.a(decode_utf8.o)
                0x00113c70                decode_utf8
 .text.utf16_to_utf8
                0x00113db0       0xe8 C:/devkitPro/libctru/lib\libctru.a(utf16_to_utf8.o)
                0x00113db0                utf16_to_utf8
 .text.utf8_to_utf16
                0x00113e98       0xc0 C:/devkitPro/libctru/lib\libctru.a(utf8_to_utf16.o)
                0x00113e98                utf8_to_utf16
 .text.__system_allocateHeaps
                0x00113f58      0x1e8 C:/devkitPro/libctru/lib\libctru.a(allocateHeaps.o)
                0x00113f58                __system_allocateHeaps
 .text.__libctru_init
                0x00114140       0x38 C:/devkitPro/libctru/lib\libctru.a(ctru_init.o)
                0x00114140                __libctru_init
 .text.__system_initArgv
                0x00114178      0x16c C:/devkitPro/libctru/lib\libctru.a(initArgv.o)
                0x00114178                __system_initArgv
 .text.__syscall_getreent
                0x001142e4       0x30 C:/devkitPro/libctru/lib\libctru.a(syscalls.o)
                0x001142e4                __syscall_getreent
 .text.__syscall_gettod_r
                0x00114314       0x64 C:/devkitPro/libctru/lib\libctru.a(syscalls.o)
                0x00114314                __syscall_gettod_r
 .text.__syscall_lock_acquire
                0x00114378        0x4 C:/devkitPro/libctru/lib\libctru.a(syscalls.o)
                0x00114378                __syscall_lock_acquire
 .text.__syscall_lock_release
                0x0011437c        0x4 C:/devkitPro/libctru/lib\libctru.a(syscalls.o)
                0x0011437c                __syscall_lock_release
 .text.__syscall_lock_acquire_recursive
                0x00114380        0x4 C:/devkitPro/libctru/lib\libctru.a(syscalls.o)
                0x00114380                __syscall_lock_acquire_recursive
 .text.__syscall_lock_release_recursive
                0x00114384        0x4 C:/devkitPro/libctru/lib\libctru.a(syscalls.o)
                0x00114384                __syscall_lock_release_recursive
 .text.__syscall_exit
                0x00114388        0x4 C:/devkitPro/libctru/lib\libctru.a(syscalls.o)
                0x00114388                __syscall_exit
 .text.initThreadVars
                0x0011438c       0x54 C:/devkitPro/libctru/lib\libctru.a(syscalls.o)
                0x0011438c                initThreadVars
 .text.__system_initSyscalls
                0x001143e0       0x80 C:/devkitPro/libctru/lib\libctru.a(syscalls.o)
                0x001143e0                __system_initSyscalls
 .text.svcControlMemory
                0x00114460       0x20 C:/devkitPro/libctru/lib\libctru.a(svc.o)
                0x00114460                svcControlMemory
 .text.svcQueryMemory
                0x00114480       0x30 C:/devkitPro/libctru/lib\libctru.a(svc.o)
                0x00114480                svcQueryMemory
 .text.svcExitProcess
                0x001144b0        0x8 C:/devkitPro/libctru/lib\libctru.a(svc.o)
                0x001144b0                svcExitProcess
 .text.svcCreateThread
                0x001144b8       0x20 C:/devkitPro/libctru/lib\libctru.a(svc.o)
                0x001144b8                svcCreateThread
 .text.svcExitThread
                0x001144d8        0x8 C:/devkitPro/libctru/lib\libctru.a(svc.o)
                0x001144d8                svcExitThread
 .text.svcSleepThread
                0x001144e0        0x8 C:/devkitPro/libctru/lib\libctru.a(svc.o)
                0x001144e0                svcSleepThread
 .text.svcReleaseMutex
                0x001144e8        0x8 C:/devkitPro/libctru/lib\libctru.a(svc.o)
                0x001144e8                svcReleaseMutex
 .text.svcCreateEvent
                0x001144f0       0x14 C:/devkitPro/libctru/lib\libctru.a(svc.o)
                0x001144f0                svcCreateEvent
 .text.svcSignalEvent
                0x00114504        0x8 C:/devkitPro/libctru/lib\libctru.a(svc.o)
                0x00114504                svcSignalEvent
 .text.svcClearEvent
                0x0011450c        0x8 C:/devkitPro/libctru/lib\libctru.a(svc.o)
                0x0011450c                svcClearEvent
 .text.svcMapMemoryBlock
                0x00114514        0x8 C:/devkitPro/libctru/lib\libctru.a(svc.o)
                0x00114514                svcMapMemoryBlock
 .text.svcUnmapMemoryBlock
                0x0011451c        0x8 C:/devkitPro/libctru/lib\libctru.a(svc.o)
                0x0011451c                svcUnmapMemoryBlock
 .text.svcCreateAddressArbiter
                0x00114524       0x14 C:/devkitPro/libctru/lib\libctru.a(svc.o)
                0x00114524                svcCreateAddressArbiter
 .text.svcArbitrateAddressNoTimeout
                0x00114538        0x8 C:/devkitPro/libctru/lib\libctru.a(svc.o)
                0x00114538                svcArbitrateAddressNoTimeout
 .text.svcCloseHandle
                0x00114540        0x8 C:/devkitPro/libctru/lib\libctru.a(svc.o)
                0x00114540                svcCloseHandle
 .text.svcWaitSynchronization
                0x00114548        0x8 C:/devkitPro/libctru/lib\libctru.a(svc.o)
                0x00114548                svcWaitSynchronization
 .text.svcWaitSynchronizationN
                0x00114550       0x28 C:/devkitPro/libctru/lib\libctru.a(svc.o)
                0x00114550                svcWaitSynchronizationN
 .text.svcDuplicateHandle
                0x00114578       0x14 C:/devkitPro/libctru/lib\libctru.a(svc.o)
                0x00114578                svcDuplicateHandle
 .text.svcGetSystemTick
                0x0011458c        0x8 C:/devkitPro/libctru/lib\libctru.a(svc.o)
                0x0011458c                svcGetSystemTick
 .text.svcConnectToPort
                0x00114594       0x14 C:/devkitPro/libctru/lib\libctru.a(svc.o)
                0x00114594                svcConnectToPort
 .text.svcSendSyncRequest
                0x001145a8        0x8 C:/devkitPro/libctru/lib\libctru.a(svc.o)
                0x001145a8                svcSendSyncRequest
 .text.svcGetResourceLimit
                0x001145b0       0x14 C:/devkitPro/libctru/lib\libctru.a(svc.o)
                0x001145b0                svcGetResourceLimit
 .text.svcGetResourceLimitLimitValues
                0x001145c4        0x8 C:/devkitPro/libctru/lib\libctru.a(svc.o)
                0x001145c4                svcGetResourceLimitLimitValues
 .text.svcGetResourceLimitCurrentValues
                0x001145cc        0x8 C:/devkitPro/libctru/lib\libctru.a(svc.o)
                0x001145cc                svcGetResourceLimitCurrentValues
 .text.svcBreak
                0x001145d4        0x8 C:/devkitPro/libctru/lib\libctru.a(svc.o)
                0x001145d4                svcBreak
 .text.__aeabi_read_tp
                0x001145dc        0xc C:/devkitPro/libctru/lib\libctru.a(readtp.o)
                0x001145dc                __aeabi_read_tp
 .text.initSystem
                0x001145e8       0x50 C:/devkitPro/libctru/lib\libctru.a(stack_adjust.o)
                0x001145e8                initSystem
 .text.__ctru_exit
                0x00114638       0x14 C:/devkitPro/libctru/lib\libctru.a(stack_adjust.o)
                0x00114638                __ctru_exit
 .text.envGetHandle
                0x0011464c       0x8c C:/devkitPro/libctru/lib\libctru.a(env.o)
                0x0011464c                envGetHandle
 .text.envDestroyHandles
                0x001146d8       0x50 C:/devkitPro/libctru/lib\libctru.a(env.o)
                0x001146d8                envDestroyHandles
 .text.srvInit  0x00114728      0x164 C:/devkitPro/libctru/lib\libctru.a(srv.o)
                0x00114728                srvInit
 .text.srvExit  0x0011488c       0x64 C:/devkitPro/libctru/lib\libctru.a(srv.o)
                0x0011488c                srvExit
 .text.srvEnableNotification
                0x001148f0       0x60 C:/devkitPro/libctru/lib\libctru.a(srv.o)
                0x001148f0                srvEnableNotification
 .text.srvGetServiceHandleDirect
                0x00114950       0xa0 C:/devkitPro/libctru/lib\libctru.a(srv.o)
                0x00114950                srvGetServiceHandleDirect
 .text.srvGetServiceHandle
                0x001149f0       0x48 C:/devkitPro/libctru/lib\libctru.a(srv.o)
                0x001149f0                srvGetServiceHandle
 .text.srvSubscribe
                0x00114a38       0x34 C:/devkitPro/libctru/lib\libctru.a(srv.o)
                0x00114a38                srvSubscribe
 .text.srvReceiveNotification
                0x00114a6c       0x60 C:/devkitPro/libctru/lib\libctru.a(srv.o)
                0x00114a6c                srvReceiveNotification
 .text.srvPublishToSubscriber
                0x00114acc       0x38 C:/devkitPro/libctru/lib\libctru.a(srv.o)
                0x00114acc                srvPublishToSubscriber
 .text.__sync_init
                0x00114b04        0xc C:/devkitPro/libctru/lib\libctru.a(synchronization.o)
                0x00114b04                __sync_init
 .text.__sync_fini
                0x00114b10       0x18 C:/devkitPro/libctru/lib\libctru.a(synchronization.o)
                0x00114b10                __sync_fini
 .text.syncArbitrateAddress
                0x00114b28       0x28 C:/devkitPro/libctru/lib\libctru.a(synchronization.o)
                0x00114b28                syncArbitrateAddress
 .text.LightLock_Init
                0x00114b50       0x1c C:/devkitPro/libctru/lib\libctru.a(synchronization.o)
                0x00114b50                LightLock_Init
 .text.LightLock_Lock
                0x00114b6c       0xac C:/devkitPro/libctru/lib\libctru.a(synchronization.o)
                0x00114b6c                LightLock_Lock
 .text.LightLock_Unlock
                0x00114c18       0x40 C:/devkitPro/libctru/lib\libctru.a(synchronization.o)
                0x00114c18                LightLock_Unlock
 .text.RecursiveLock_Lock
                0x00114c58       0x54 C:/devkitPro/libctru/lib\libctru.a(synchronization.o)
                0x00114c58                RecursiveLock_Lock
 .text.RecursiveLock_Unlock
                0x00114cac       0x54 C:/devkitPro/libctru/lib\libctru.a(synchronization.o)
                0x00114cac                RecursiveLock_Unlock
 .text.LightEvent_Init
                0x00114d00       0x44 C:/devkitPro/libctru/lib\libctru.a(synchronization.o)
                0x00114d00                LightEvent_Init
 .text.LightEvent_Clear
                0x00114d44       0xb8 C:/devkitPro/libctru/lib\libctru.a(synchronization.o)
                0x00114d44                LightEvent_Clear
 .text.LightEvent_Signal
                0x00114dfc       0xdc C:/devkitPro/libctru/lib\libctru.a(synchronization.o)
                0x00114dfc                LightEvent_Signal
 .text.LightEvent_TryWait
                0x00114ed8       0x50 C:/devkitPro/libctru/lib\libctru.a(synchronization.o)
                0x00114ed8                LightEvent_TryWait
 .text.LightEvent_Wait
                0x00114f28       0xac C:/devkitPro/libctru/lib\libctru.a(synchronization.o)
                0x00114f28                LightEvent_Wait
 .text.threadCreate
                0x00114fd4      0x1fc C:/devkitPro/libctru/lib\libctru.a(thread.o)
                0x00114fd4                threadCreate
 .text.threadFree
                0x001151d0       0x38 C:/devkitPro/libctru/lib\libctru.a(thread.o)
                0x001151d0                threadFree
 .text.threadJoin
                0x00115208       0x24 C:/devkitPro/libctru/lib\libctru.a(thread.o)
                0x00115208                threadJoin
 .text.threadGetCurrent
                0x0011522c       0x30 C:/devkitPro/libctru/lib\libctru.a(thread.o)
                0x0011522c                threadGetCurrent
 .text.threadExit
                0x0011525c       0x40 C:/devkitPro/libctru/lib\libctru.a(thread.o)
                0x0011525c                threadExit
 .text._thread_begin
                0x0011529c       0x20 C:/devkitPro/libctru/lib\libctru.a(thread.o)
 .text.mappableFindAddressWithin
                0x001152bc       0x90 C:/devkitPro/libctru/lib\libctru.a(mappable.o)
 .text.mappableInit
                0x0011534c       0x28 C:/devkitPro/libctru/lib\libctru.a(mappable.o)
                0x0011534c                mappableInit
 .text.mappableAlloc
                0x00115374       0x7c C:/devkitPro/libctru/lib\libctru.a(mappable.o)
                0x00115374                mappableAlloc
 .text.mappableFree
                0x001153f0        0x4 C:/devkitPro/libctru/lib\libctru.a(mappable.o)
                0x001153f0                mappableFree
 .text.srvPmGetSessionHandle
                0x001153f4        0xc C:/devkitPro/libctru/lib\libctru.a(srvpm.o)
                0x001153f4                srvPmGetSessionHandle
 .text.rbtree_node_next
                0x00115400       0x60 C:/devkitPro/libctru/lib\libctru.a(rbtree_iterator.o)
                0x00115400                rbtree_node_next
 .text.decode_utf16
                0x00115460       0x54 C:/devkitPro/libctru/lib\libctru.a(decode_utf16.o)
                0x00115460                decode_utf16
 .text.encode_utf16
                0x001154b4       0x54 C:/devkitPro/libctru/lib\libctru.a(encode_utf16.o)
                0x001154b4                encode_utf16
 .text.encode_utf8
                0x00115508       0xe0 C:/devkitPro/libctru/lib\libctru.a(encode_utf8.o)
                0x00115508                encode_utf8
 .text.__appExit
                0x001155e8       0x30 C:/devkitPro/libctru/lib\libctru.a(appExit.o)
                0x001155e8                __appExit
 .text.__appInit
                0x00115618       0x30 C:/devkitPro/libctru/lib\libctru.a(appInit.o)
                0x00115618                __appInit
 .text.__libctru_exit
                0x00115648       0x90 C:/devkitPro/libctru/lib\libctru.a(ctru_exit.o)
                0x00115648                __libctru_exit
 .text.archive_link
                0x001156d8       0x14 C:/devkitPro/libctru/lib\libctru.a(archive_dev.o)
 .text.archive_dirreset
                0x001156ec       0x14 C:/devkitPro/libctru/lib\libctru.a(archive_dev.o)
 .text.archive_chmod
                0x00115700       0x14 C:/devkitPro/libctru/lib\libctru.a(archive_dev.o)
 .text.error_cmp
                0x00115714       0x24 C:/devkitPro/libctru/lib\libctru.a(archive_dev.o)
 .text.archive_translate_error
                0x00115738       0x50 C:/devkitPro/libctru/lib\libctru.a(archive_dev.o)
 .text.archive_seek
                0x00115788       0xc0 C:/devkitPro/libctru/lib\libctru.a(archive_dev.o)
 .text._archiveInit.part.0
                0x00115848       0x78 C:/devkitPro/libctru/lib\libctru.a(archive_dev.o)
 .text.archiveFindDevice.part.0
                0x001158c0       0xd4 C:/devkitPro/libctru/lib\libctru.a(archive_dev.o)
 .text.archive_utf16path
                0x00115994      0x298 C:/devkitPro/libctru/lib\libctru.a(archive_dev.o)
 .text._archiveUnmountDeviceStruct.part.0
                0x00115c2c       0x98 C:/devkitPro/libctru/lib\libctru.a(archive_dev.o)
 .text.archive_statvfs
                0x00115cc4       0x14 C:/devkitPro/libctru/lib\libctru.a(archive_dev.o)
 .text.archive_fchmod
                0x00115cd8       0x14 C:/devkitPro/libctru/lib\libctru.a(archive_dev.o)
 .text._archiveMountDevice
                0x00115cec      0x178 C:/devkitPro/libctru/lib\libctru.a(archive_dev.o)
 .text.archive_diropen
                0x00115e64       0xf8 C:/devkitPro/libctru/lib\libctru.a(archive_dev.o)
 .text.archive_fstat
                0x00115f5c       0xac C:/devkitPro/libctru/lib\libctru.a(archive_dev.o)
 .text.archive_fsync
                0x00116008       0x74 C:/devkitPro/libctru/lib\libctru.a(archive_dev.o)
 .text.archive_close
                0x0011607c       0x74 C:/devkitPro/libctru/lib\libctru.a(archive_dev.o)
 .text.archive_dirclose
                0x001160f0       0x78 C:/devkitPro/libctru/lib\libctru.a(archive_dev.o)
 .text.sdmc_statvfs
                0x00116168       0xec C:/devkitPro/libctru/lib\libctru.a(archive_dev.o)
 .text.archive_chdir
                0x00116254       0xf8 C:/devkitPro/libctru/lib\libctru.a(archive_dev.o)
 .text.archive_ftruncate
                0x0011634c       0x8c C:/devkitPro/libctru/lib\libctru.a(archive_dev.o)
 .text.archive_read
                0x001163d8       0xbc C:/devkitPro/libctru/lib\libctru.a(archive_dev.o)
 .text.archive_unlink
                0x00116494       0xa8 C:/devkitPro/libctru/lib\libctru.a(archive_dev.o)
 .text.archive_rmdir
                0x0011653c       0xc0 C:/devkitPro/libctru/lib\libctru.a(archive_dev.o)
 .text.archive_mkdir
                0x001165fc       0xd8 C:/devkitPro/libctru/lib\libctru.a(archive_dev.o)
 .text.archive_stat
                0x001166d4      0x1a0 C:/devkitPro/libctru/lib\libctru.a(archive_dev.o)
 .text.archive_dirnext
                0x00116874      0x164 C:/devkitPro/libctru/lib\libctru.a(archive_dev.o)
 .text.archive_write
                0x001169d8      0x13c C:/devkitPro/libctru/lib\libctru.a(archive_dev.o)
 *fill*         0x00116b14        0x4 
 .text.archive_open
                0x00116b18      0x254 C:/devkitPro/libctru/lib\libctru.a(archive_dev.o)
 .text.archive_rename
                0x00116d6c      0x270 C:/devkitPro/libctru/lib\libctru.a(archive_dev.o)
 .text.archiveMountSdmc
                0x00116fdc      0x1c8 C:/devkitPro/libctru/lib\libctru.a(archive_dev.o)
                0x00116fdc                archiveMountSdmc
 .text.archiveUnmountAll
                0x001171a4       0x54 C:/devkitPro/libctru/lib\libctru.a(archive_dev.o)
                0x001171a4                archiveUnmountAll
 .text.sinf     0x001171f8      0x264 C:/devkitPro/devkitARM/bin/../lib/gcc/arm-none-eabi/15.2.0/../../../../arm-none-eabi/lib/armv6k/fpu\libm.a(libm_a-sinf.o)
                0x001171f8                sinf
 .text.with_errnof
                0x0011745c       0x24 C:/devkitPro/devkitARM/bin/../lib/gcc/arm-none-eabi/15.2.0/../../../../arm-none-eabi/lib/armv6k/fpu\libm.a(libm_a-math_errf.o)
 .text.__math_invalidf
                0x00117480       0x1c C:/devkitPro/devkitARM/bin/../lib/gcc/arm-none-eabi/15.2.0/../../../../arm-none-eabi/lib/armv6k/fpu\libm.a(libm_a-math_errf.o)
                0x00117480                __math_invalidf
 .text.ceilf    0x0011749c       0xc0 C:/devkitPro/devkitARM/bin/../lib/gcc/arm-none-eabi/15.2.0/../../../../arm-none-eabi/lib/armv6k/fpu\libm.a(libm_a-sf_ceil.o)
                0x0011749c                ceilf
 *fill*         0x0011755c        0x4 
 .text.cosf     0x00117560      0x25c C:/devkitPro/devkitARM/bin/../lib/gcc/arm-none-eabi/15.2.0/../../../../arm-none-eabi/lib/armv6k/fpu\libm.a(libm_a-cosf.o)
                0x00117560                cosf
 .text.__fixdfdi
                0x001177bc       0x2c C:/devkitPro/devkitARM/bin/../lib/gcc/arm-none-eabi/15.2.0/armv6k/fpu\libgcc.a(_fixdfdi.o)
                0x001177bc                __fixdfdi
                0x001177bc                __aeabi_d2lz
 .text.__fixunsdfdi
                0x001177e8       0x40 C:/devkitPro/devkitARM/bin/../lib/gcc/arm-none-eabi/15.2.0/armv6k/fpu\libgcc.a(_fixunsdfdi.o)
                0x001177e8                __fixunsdfdi
                0x001177e8                __aeabi_d2ulz
 .text.__udivmoddi4
                0x00117828      0x130 C:/devkitPro/devkitARM/bin/../lib/gcc/arm-none-eabi/15.2.0/armv6k/fpu\libgcc.a(_udivmoddi4.o)
                0x00117828                __udivmoddi4
 .text.strncmp  0x00117958       0xd8 C:/devkitPro/devkitARM/bin/../lib/gcc/arm-none-eabi/15.2.0/../../../../arm-none-eabi/lib/armv6k/fpu\libg.a(libc_a-strncmp.o)
                0x00117958                strncmp
 .text.strchr   0x00117a30      0x140 C:/devkitPro/devkitARM/bin/../lib/gcc/arm-none-eabi/15.2.0/../../../../arm-none-eabi/lib/armv6k/fpu\libg.a(libc_a-strchr.o)
                0x00117a30                strchr
 .text.srand    0x00117b70       0x1c C:/devkitPro/devkitARM/bin/../lib/gcc/arm-none-eabi/15.2.0/../../../../arm-none-eabi/lib/armv6k/fpu\libg.a(libc_a-rand.o)
                0x00117b70                srand
 .text.rand     0x00117b8c       0x44 C:/devkitPro/devkitARM/bin/../lib/gcc/arm-none-eabi/15.2.0/../../../../arm-none-eabi/lib/armv6k/fpu\libg.a(libc_a-rand.o)
                0x00117b8c                rand
 .text._fclose_r
                0x00117bd0      0x144 C:/devkitPro/devkitARM/bin/../lib/gcc/arm-none-eabi/15.2.0/../../../../arm-none-eabi/lib/armv6k/fpu\libg.a(libc_a-fclose.o)
                0x00117bd0                _fclose_r
 .text.fclose   0x00117d14       0x20 C:/devkitPro/devkitARM/bin/../lib/gcc/arm-none-eabi/15.2.0/../../../../arm-none-eabi/lib/armv6k/fpu\libg.a(libc_a-fclose.o)
                0x00117d14                fclose
 .text.fprintf  0x00117d34       0x3c C:/devkitPro/devkitARM/bin/../lib/gcc/arm-none-eabi/15.2.0/../../../../arm-none-eabi/lib/armv6k/fpu\libg.a(libc_a-fprintf.o)
                0x00117d34                fprintf
 .text.strlen   0x00117d70       0x8c C:/devkitPro/devkitARM/bin/../lib/gcc/arm-none-eabi/15.2.0/../../../../arm-none-eabi/lib/armv6k/fpu\libg.a(libc_a-strlen.o)
                0x00117d70                strlen
 .text.fscanf   0x00117dfc       0x3c C:/devkitPro/devkitARM/bin/../lib/gcc/arm-none-eabi/15.2.0/../../../../arm-none-eabi/lib/armv6k/fpu\libg.a(libc_a-fscanf.o)
                0x00117dfc                fscanf
 .text.sprintf  0x00117e38       0x68 C:/devkitPro/devkitARM/bin/../lib/gcc/arm-none-eabi/15.2.0/../../../../arm-none-eabi/lib/armv6k/fpu\libg.a(libc_a-sprintf.o)
                0x00117e38                sprintf
 .text.memcmp   0x00117ea0       0xd8 C:/devkitPro/devkitARM/bin/../lib/gcc/arm-none-eabi/15.2.0/../../../../arm-none-eabi/lib/armv6k/fpu\libg.a(libc_a-memcmp.o)
                0x00117ea0                memcmp
 .text.stdio_exit_handler
                0x00117f78       0x1c C:/devkitPro/devkitARM/bin/../lib/gcc/arm-none-eabi/15.2.0/../../../../arm-none-eabi/lib/armv6k/fpu\libg.a(libc_a-findfp.o)
 .text.cleanup_stdio
                0x00117f94       0x5c C:/devkitPro/devkitARM/bin/../lib/gcc/arm-none-eabi/15.2.0/../../../../arm-none-eabi/lib/armv6k/fpu\libg.a(libc_a-findfp.o)
 .text.global_stdio_init.part.0
                0x00117ff0      0x154 C:/devkitPro/devkitARM/bin/../lib/gcc/arm-none-eabi/15.2.0/../../../../arm-none-eabi/lib/armv6k/fpu\libg.a(libc_a-findfp.o)
 .text.__sfp    0x00118144      0x138 C:/devkitPro/devkitARM/bin/../lib/gcc/arm-none-eabi/15.2.0/../../../../arm-none-eabi/lib/armv6k/fpu\libg.a(libc_a-findfp.o)
                0x00118144                __sfp
 .text.__sinit  0x0011827c       0x5c C:/devkitPro/devkitARM/bin/../lib/gcc/arm-none-eabi/15.2.0/../../../../arm-none-eabi/lib/armv6k/fpu\libg.a(libc_a-findfp.o)
                0x0011827c                __sinit
 .text.__sfp_lock_acquire
                0x001182d8        0xc C:/devkitPro/devkitARM/bin/../lib/gcc/arm-none-eabi/15.2.0/../../../../arm-none-eabi/lib/armv6k/fpu\libg.a(libc_a-findfp.o)
                0x001182d8                __sfp_lock_acquire
 .text.__sfp_lock_release
                0x001182e4        0xc C:/devkitPro/devkitARM/bin/../lib/gcc/arm-none-eabi/15.2.0/../../../../arm-none-eabi/lib/armv6k/fpu\libg.a(libc_a-findfp.o)
                0x001182e4                __sfp_lock_release
 .text._strtoul_l.isra.0
                0x001182f0      0x1ec C:/devkitPro/devkitARM/bin/../lib/gcc/arm-none-eabi/15.2.0/../../../../arm-none-eabi/lib/armv6k/fpu\libg.a(libc_a-strtoul.o)
 .text._strtoul_r
                0x001184dc       0x38 C:/devkitPro/devkitARM/bin/../lib/gcc/arm-none-eabi/15.2.0/../../../../arm-none-eabi/lib/armv6k/fpu\libg.a(libc_a-strtoul.o)
                0x001184dc                _strtoul_r
 .text.strtoul  0x00118514       0x3c C:/devkitPro/devkitARM/bin/../lib/gcc/arm-none-eabi/15.2.0/../../../../arm-none-eabi/lib/armv6k/fpu\libg.a(libc_a-strtoul.o)
                0x00118514                strtoul
 .text.__libc_init_array
                0x00118550       0x84 C:/devkitPro/devkitARM/bin/../lib/gcc/arm-none-eabi/15.2.0/../../../../arm-none-eabi/lib/armv6k/fpu\libg.a(libc_a-init.o)
                0x00118550                __libc_init_array
 .text.strncat  0x001185d4       0x9c C:/devkitPro/devkitARM/bin/../lib/gcc/arm-none-eabi/15.2.0/../../../../arm-none-eabi/lib/armv6k/fpu\libg.a(libc_a-strncat.o)
                0x001185d4                strncat
 .text._fwalk_sglue
                0x00118670       0x70 C:/devkitPro/devkitARM/bin/../lib/gcc/arm-none-eabi/15.2.0/../../../../arm-none-eabi/lib/armv6k/fpu\libg.a(libc_a-fwalk.o)
                0x00118670                _fwalk_sglue
 .text.bsearch  0x001186e0       0x78 C:/devkitPro/devkitARM/bin/../lib/gcc/arm-none-eabi/15.2.0/../../../../arm-none-eabi/lib/armv6k/fpu\libg.a(libc_a-bsearch.o)
                0x001186e0                bsearch
 .text.__errno  0x00118758        0xc C:/devkitPro/devkitARM/bin/../lib/gcc/arm-none-eabi/15.2.0/../../../../arm-none-eabi/lib/armv6k/fpu\libg.a(libc_a-errno.o)
                0x00118758                __errno
 .text.calloc   0x00118764       0x28 C:/devkitPro/devkitARM/bin/../lib/gcc/arm-none-eabi/15.2.0/../../../../arm-none-eabi/lib/armv6k/fpu\libg.a(libc_a-calloc.o)
                0x00118764                calloc
 .text.get_arg  0x0011878c      0x5e0 C:/devkitPro/devkitARM/bin/../lib/gcc/arm-none-eabi/15.2.0/../../../../arm-none-eabi/lib/armv6k/fpu\libg.a(libc_a-vfprintf.o)
 *fill*         0x00118d6c        0x4 
 .text._vfprintf_r
                0x00118d70     0x3554 C:/devkitPro/devkitARM/bin/../lib/gcc/arm-none-eabi/15.2.0/../../../../arm-none-eabi/lib/armv6k/fpu\libg.a(libc_a-vfprintf.o)
                0x00118d70                _vfprintf_r
 .text.__sbprintf
                0x0011c2c4       0xb4 C:/devkitPro/devkitARM/bin/../lib/gcc/arm-none-eabi/15.2.0/../../../../arm-none-eabi/lib/armv6k/fpu\libg.a(libc_a-vfprintf.o)
 .text._calloc_r
                0x0011c378       0xd8 C:/devkitPro/devkitARM/bin/../lib/gcc/arm-none-eabi/15.2.0/../../../../arm-none-eabi/lib/armv6k/fpu\libg.a(libc_a-callocr.o)
                0x0011c378                _calloc_r
 .text.realloc  0x0011c450       0x28 C:/devkitPro/devkitARM/bin/../lib/gcc/arm-none-eabi/15.2.0/../../../../arm-none-eabi/lib/armv6k/fpu\libg.a(libc_a-realloc.o)
                0x0011c450                realloc
 .text._fseek_r
                0x0011c478       0x1c C:/devkitPro/devkitARM/bin/../lib/gcc/arm-none-eabi/15.2.0/../../../../arm-none-eabi/lib/armv6k/fpu\libg.a(libc_a-fseek.o)
                0x0011c478                _fseek_r
 .text.fseek    0x0011c494       0x34 C:/devkitPro/devkitARM/bin/../lib/gcc/arm-none-eabi/15.2.0/../../../../arm-none-eabi/lib/armv6k/fpu\libg.a(libc_a-fseek.o)
                0x0011c494                fseek
 .text.memalign
                0x0011c4c8       0x28 C:/devkitPro/devkitARM/bin/../lib/gcc/arm-none-eabi/15.2.0/../../../../arm-none-eabi/lib/armv6k/fpu\libg.a(libc_a-malign.o)
                0x0011c4c8                memalign
 .text._malloc_r
                0x0011c4f0      0x82c C:/devkitPro/devkitARM/bin/../lib/gcc/arm-none-eabi/15.2.0/../../../../arm-none-eabi/lib/armv6k/fpu\libg.a(libc_a-mallocr.o)
                0x0011c4f0                _malloc_r
 .text.memchr   0x0011cd1c       0xe8 C:/devkitPro/devkitARM/bin/../lib/gcc/arm-none-eabi/15.2.0/../../../../arm-none-eabi/lib/armv6k/fpu\libg.a(libc_a-memchr-stub.o)
                0x0011cd1c                memchr
 .text.quorem   0x0011ce04      0x1c0 C:/devkitPro/devkitARM/bin/../lib/gcc/arm-none-eabi/15.2.0/../../../../arm-none-eabi/lib/armv6k/fpu\libg.a(libc_a-dtoa.o)
 *fill*         0x0011cfc4        0x4 
 .text._dtoa_r  0x0011cfc8     0x1420 C:/devkitPro/devkitARM/bin/../lib/gcc/arm-none-eabi/15.2.0/../../../../arm-none-eabi/lib/armv6k/fpu\libg.a(libc_a-dtoa.o)
                0x0011cfc8                _dtoa_r
 .text._wcrtomb_r
                0x0011e3e8       0xa0 C:/devkitPro/devkitARM/bin/../lib/gcc/arm-none-eabi/15.2.0/../../../../arm-none-eabi/lib/armv6k/fpu\libg.a(libc_a-wcrtomb.o)
                0x0011e3e8                _wcrtomb_r
 .text._malloc_trim_r
                0x0011e488      0x114 C:/devkitPro/devkitARM/bin/../lib/gcc/arm-none-eabi/15.2.0/../../../../arm-none-eabi/lib/armv6k/fpu\libg.a(libc_a-freer.o)
                0x0011e488                _malloc_trim_r
 .text._free_r  0x0011e59c      0x314 C:/devkitPro/devkitARM/bin/../lib/gcc/arm-none-eabi/15.2.0/../../../../arm-none-eabi/lib/armv6k/fpu\libg.a(libc_a-freer.o)
                0x0011e59c                _free_r
 .text.snprintf
                0x0011e8b0       0xa0 C:/devkitPro/devkitARM/bin/../lib/gcc/arm-none-eabi/15.2.0/../../../../arm-none-eabi/lib/armv6k/fpu\libg.a(libc_a-snprintf.o)
                0x0011e8b0                snprintf
 .text.get_arg  0x0011e950      0x5e0 C:/devkitPro/devkitARM/bin/../lib/gcc/arm-none-eabi/15.2.0/../../../../arm-none-eabi/lib/armv6k/fpu\libg.a(libc_a-svfprintf.o)
 .text._svfprintf_r
                0x0011ef30     0x345c C:/devkitPro/devkitARM/bin/../lib/gcc/arm-none-eabi/15.2.0/../../../../arm-none-eabi/lib/armv6k/fpu\libg.a(libc_a-svfprintf.o)
                0x0011ef30                _svfprintf_r
 .text.strnlen  0x0012238c       0x3c C:/devkitPro/devkitARM/bin/../lib/gcc/arm-none-eabi/15.2.0/../../../../arm-none-eabi/lib/armv6k/fpu\libg.a(libc_a-strnlen.o)
                0x0012238c                strnlen
 .text.malloc   0x001223c8       0x40 C:/devkitPro/devkitARM/bin/../lib/gcc/arm-none-eabi/15.2.0/../../../../arm-none-eabi/lib/armv6k/fpu\libg.a(libc_a-malloc.o)
                0x001223c8                malloc
 .text.free     0x00122408       0x20 C:/devkitPro/devkitARM/bin/../lib/gcc/arm-none-eabi/15.2.0/../../../../arm-none-eabi/lib/armv6k/fpu\libg.a(libc_a-malloc.o)
                0x00122408                free
 .text.__sflush_r
                0x00122428      0x22c C:/devkitPro/devkitARM/bin/../lib/gcc/arm-none-eabi/15.2.0/../../../../arm-none-eabi/lib/armv6k/fpu\libg.a(libc_a-fflush.o)
                0x00122428                __sflush_r
 .text._fflush_r
                0x00122654       0xc4 C:/devkitPro/devkitARM/bin/../lib/gcc/arm-none-eabi/15.2.0/../../../../arm-none-eabi/lib/armv6k/fpu\libg.a(libc_a-fflush.o)
                0x00122654                _fflush_r
 .text.time     0x00122718       0x48 C:/devkitPro/devkitARM/bin/../lib/gcc/arm-none-eabi/15.2.0/../../../../arm-none-eabi/lib/armv6k/fpu\libg.a(libc_a-time.o)
                0x00122718                time
 .text.memset   0x00122760       0xe4 C:/devkitPro/devkitARM/bin/../lib/gcc/arm-none-eabi/15.2.0/../../../../arm-none-eabi/lib/armv6k/fpu\libg.a(libc_a-memset.o)
                0x00122760                memset
 .text._realloc_r
                0x00122844      0x4f0 C:/devkitPro/devkitARM/bin/../lib/gcc/arm-none-eabi/15.2.0/../../../../arm-none-eabi/lib/armv6k/fpu\libg.a(libc_a-reallocr.o)
                0x00122844                _realloc_r
 .text.get_arg  0x00122d34       0x50 C:/devkitPro/devkitARM/bin/../lib/gcc/arm-none-eabi/15.2.0/../../../../arm-none-eabi/lib/armv6k/fpu\libg.a(libc_a-vfscanf.o)
 .text.__svfscanf_r
                0x00122d84     0x2bc4 C:/devkitPro/devkitARM/bin/../lib/gcc/arm-none-eabi/15.2.0/../../../../arm-none-eabi/lib/armv6k/fpu\libg.a(libc_a-vfscanf.o)
                0x00122d84                __svfscanf_r
 .text._vfscanf_r
                0x00125948       0x40 C:/devkitPro/devkitARM/bin/../lib/gcc/arm-none-eabi/15.2.0/../../../../arm-none-eabi/lib/armv6k/fpu\libg.a(libc_a-vfscanf.o)
                0x00125948                _vfscanf_r
 .text._fread_r
                0x00125988      0x334 C:/devkitPro/devkitARM/bin/../lib/gcc/arm-none-eabi/15.2.0/../../../../arm-none-eabi/lib/armv6k/fpu\libg.a(libc_a-fread.o)
                0x00125988                _fread_r
 .text.fread    0x00125cbc       0x38 C:/devkitPro/devkitARM/bin/../lib/gcc/arm-none-eabi/15.2.0/../../../../arm-none-eabi/lib/armv6k/fpu\libg.a(libc_a-fread.o)
                0x00125cbc                fread
 .text.__malloc_lock
                0x00125cf4        0xc C:/devkitPro/devkitARM/bin/../lib/gcc/arm-none-eabi/15.2.0/../../../../arm-none-eabi/lib/armv6k/fpu\libg.a(libc_a-mlock.o)
                0x00125cf4                __malloc_lock
 .text.__malloc_unlock
                0x00125d00        0xc C:/devkitPro/devkitARM/bin/../lib/gcc/arm-none-eabi/15.2.0/../../../../arm-none-eabi/lib/armv6k/fpu\libg.a(libc_a-mlock.o)
                0x00125d00                __malloc_unlock
 .text.__call_exitprocs
                0x00125d0c        0x4 C:/devkitPro/devkitARM/bin/../lib/gcc/arm-none-eabi/15.2.0/../../../../arm-none-eabi/lib/armv6k/fpu\libg.a(libc_a-exit.o)
                0x00125d0c                __call_exitprocs
 .text.exit     0x00125d10       0x30 C:/devkitPro/devkitARM/bin/../lib/gcc/arm-none-eabi/15.2.0/../../../../arm-none-eabi/lib/armv6k/fpu\libg.a(libc_a-exit.o)
                0x00125d10                exit
 .text.setvbuf  0x00125d40      0x294 C:/devkitPro/devkitARM/bin/../lib/gcc/arm-none-eabi/15.2.0/../../../../arm-none-eabi/lib/armv6k/fpu\libg.a(libc_a-setvbuf.o)
                0x00125d40                setvbuf
 .text._fopen_r
                0x00125fd4      0x134 C:/devkitPro/devkitARM/bin/../lib/gcc/arm-none-eabi/15.2.0/../../../../arm-none-eabi/lib/armv6k/fpu\libg.a(libc_a-fopen.o)
                0x00125fd4                _fopen_r
 .text.fopen    0x00126108       0x28 C:/devkitPro/devkitARM/bin/../lib/gcc/arm-none-eabi/15.2.0/../../../../arm-none-eabi/lib/armv6k/fpu\libg.a(libc_a-fopen.o)
                0x00126108                fopen
 .text.strncpy  0x00126130       0xd4 C:/devkitPro/devkitARM/bin/../lib/gcc/arm-none-eabi/15.2.0/../../../../arm-none-eabi/lib/armv6k/fpu\libg.a(libc_a-strncpy.o)
                0x00126130                strncpy
 .text.ftell    0x00126204       0x34 C:/devkitPro/devkitARM/bin/../lib/gcc/arm-none-eabi/15.2.0/../../../../arm-none-eabi/lib/armv6k/fpu\libg.a(libc_a-ftell.o)
                0x00126204                ftell
 .text._strtoull_l.isra.0
                0x00126238      0x264 C:/devkitPro/devkitARM/bin/../lib/gcc/arm-none-eabi/15.2.0/../../../../arm-none-eabi/lib/armv6k/fpu\libg.a(libc_a-strtoull.o)
 .text._strtoull_r
                0x0012649c       0x38 C:/devkitPro/devkitARM/bin/../lib/gcc/arm-none-eabi/15.2.0/../../../../arm-none-eabi/lib/armv6k/fpu\libg.a(libc_a-strtoull.o)
                0x0012649c                _strtoull_r
 .text.memcpy   0x001264d4      0x12c C:/devkitPro/devkitARM/bin/../lib/gcc/arm-none-eabi/15.2.0/../../../../arm-none-eabi/lib/armv6k/fpu\libg.a(libc_a-memcpy-stub.o)
                0x001264d4                memcpy
 .text._wcsrtombs_r
                0x00126600       0x28 C:/devkitPro/devkitARM/bin/../lib/gcc/arm-none-eabi/15.2.0/../../../../arm-none-eabi/lib/armv6k/fpu\libg.a(libc_a-wcsrtombs.o)
                0x00126600                _wcsrtombs_r
 .text._mbrtowc_r
                0x00126628       0xc4 C:/devkitPro/devkitARM/bin/../lib/gcc/arm-none-eabi/15.2.0/../../../../arm-none-eabi/lib/armv6k/fpu\libg.a(libc_a-mbrtowc.o)
                0x00126628                _mbrtowc_r
 .text.__swsetup_r
                0x001266ec      0x140 C:/devkitPro/devkitARM/bin/../lib/gcc/arm-none-eabi/15.2.0/../../../../arm-none-eabi/lib/armv6k/fpu\libg.a(libc_a-wsetup.o)
                0x001266ec                __swsetup_r
 .text.nanf     0x0012682c        0xc C:/devkitPro/devkitARM/bin/../lib/gcc/arm-none-eabi/15.2.0/../../../../arm-none-eabi/lib/armv6k/fpu\libg.a(libm_a-sf_nan.o)
                0x0012682c                nanf
 .text.frexp    0x00126838       0x88 C:/devkitPro/devkitARM/bin/../lib/gcc/arm-none-eabi/15.2.0/../../../../arm-none-eabi/lib/armv6k/fpu\libg.a(libm_a-s_frexp.o)
                0x00126838                frexp
 .text.__sread  0x001268c0       0x44 C:/devkitPro/devkitARM/bin/../lib/gcc/arm-none-eabi/15.2.0/../../../../arm-none-eabi/lib/armv6k/fpu\libg.a(libc_a-stdio.o)
                0x001268c0                __sread
 .text.__swrite
                0x00126904       0x68 C:/devkitPro/devkitARM/bin/../lib/gcc/arm-none-eabi/15.2.0/../../../../arm-none-eabi/lib/armv6k/fpu\libg.a(libc_a-stdio.o)
                0x00126904                __swrite
 .text.__sseek  0x0012696c       0x40 C:/devkitPro/devkitARM/bin/../lib/gcc/arm-none-eabi/15.2.0/../../../../arm-none-eabi/lib/armv6k/fpu\libg.a(libc_a-stdio.o)
                0x0012696c                __sseek
 .text.__sclose
                0x001269ac        0x8 C:/devkitPro/devkitARM/bin/../lib/gcc/arm-none-eabi/15.2.0/../../../../arm-none-eabi/lib/armv6k/fpu\libg.a(libc_a-stdio.o)
                0x001269ac                __sclose
 .text.memmove  0x001269b4      0x16c C:/devkitPro/devkitARM/bin/../lib/gcc/arm-none-eabi/15.2.0/../../../../arm-none-eabi/lib/armv6k/fpu\libg.a(libc_a-memmove.o)
                0x001269b4                memmove
 .text.__assert_func
                0x00126b20       0x5c C:/devkitPro/devkitARM/bin/../lib/gcc/arm-none-eabi/15.2.0/../../../../arm-none-eabi/lib/armv6k/fpu\libg.a(libc_a-assert.o)
                0x00126b20                __assert_func
 .text._Balloc  0x00126b7c       0x88 C:/devkitPro/devkitARM/bin/../lib/gcc/arm-none-eabi/15.2.0/../../../../arm-none-eabi/lib/armv6k/fpu\libg.a(libc_a-mprec.o)
                0x00126b7c                _Balloc
 .text._Bfree   0x00126c04       0x1c C:/devkitPro/devkitARM/bin/../lib/gcc/arm-none-eabi/15.2.0/../../../../arm-none-eabi/lib/armv6k/fpu\libg.a(libc_a-mprec.o)
                0x00126c04                _Bfree
 .text.__multadd
                0x00126c20       0xf4 C:/devkitPro/devkitARM/bin/../lib/gcc/arm-none-eabi/15.2.0/../../../../arm-none-eabi/lib/armv6k/fpu\libg.a(libc_a-mprec.o)
                0x00126c20                __multadd
 .text.__s2b    0x00126d14      0x10c C:/devkitPro/devkitARM/bin/../lib/gcc/arm-none-eabi/15.2.0/../../../../arm-none-eabi/lib/armv6k/fpu\libg.a(libc_a-mprec.o)
                0x00126d14                __s2b
 .text.__hi0bits
                0x00126e20       0x80 C:/devkitPro/devkitARM/bin/../lib/gcc/arm-none-eabi/15.2.0/../../../../arm-none-eabi/lib/armv6k/fpu\libg.a(libc_a-mprec.o)
                0x00126e20                __hi0bits
 .text.__lo0bits
                0x00126ea0       0xf0 C:/devkitPro/devkitARM/bin/../lib/gcc/arm-none-eabi/15.2.0/../../../../arm-none-eabi/lib/armv6k/fpu\libg.a(libc_a-mprec.o)
                0x00126ea0                __lo0bits
 .text.__i2b    0x00126f90       0xa4 C:/devkitPro/devkitARM/bin/../lib/gcc/arm-none-eabi/15.2.0/../../../../arm-none-eabi/lib/armv6k/fpu\libg.a(libc_a-mprec.o)
                0x00126f90                __i2b
 .text.__multiply